// Jest Snapshot v1, https://goo.gl/fbAQLP

exports[`ApplicationDeployableHighlights ApplicationDeployableHighlights renders correctly. 1`] = `
<div
  id="ApplicationDeployableHighlights"
>
  <div
    className="deployable-highlights-header"
  >
    Deployable Highlights
  </div>
  <div
    className="deployable-highlights-container"
  >
    <div
      className="deployable-highlights-title"
    >
      Deployable Summary
    </div>
    <div
      className="deployable-highlights-info"
    >
      <div
        id="CountsCardModule"
      >
        <div
          className="card-container"
        >
          <div
            className="card-container-content"
          >
            <div
              className="card-count-type"
              role="button"
              tabIndex="0"
            >
              <div
                className="card-count"
              >
                -
              </div>
              <div
                className="card-type"
              >
                Versions
              </div>
              
            </div>
            <div
              className="card-count-type"
              role="button"
              tabIndex="0"
            >
              <div
                className="card-count"
              >
                -
              </div>
              <div
                className="card-type"
              >
                Completed
              </div>
              
            </div>
            <div
              className="card-count-type"
              role="button"
              tabIndex="0"
            >
              <div
                className="card-count"
              >
                -
              </div>
              <div
                className="card-type"
              >
                Failed
              </div>
              
            </div>
            <div
              className="card-count-type"
              role="button"
              tabIndex="0"
            >
              <div
                className="card-count"
              >
                -
              </div>
              <div
                className="card-type"
              >
                In Progress
              </div>
              
            </div>
            <div
              className="card-count-type"
              role="button"
              tabIndex="0"
            >
              <div
                className="card-count"
              >
                -
              </div>
              <div
                className="card-type"
              >
                Pending
              </div>
              
            </div>
          </div>
        </div>
      </div>
    </div>
    <div
      className="deployable-highlights-incidents"
    >
      <div
        id="CountsCardModule"
      >
        <div
          className="card-container"
        >
          <div
            className="card-container-content"
          >
            <div
              className="card-count-type"
              role="button"
              tabIndex="0"
            >
              <div
                className="card-count alert"
              >
                0
              </div>
              <div
                className="card-type"
              >
                Incidents
              </div>
              
            </div>
          </div>
        </div>
      </div>
    </div>
  </div>
</div>
`;
