// Jest Snapshot v1, https://goo.gl/fbAQLP

exports[`ResourceOverview ResourceOverview renders correctly with empty params 1`] = `
<div
  aria-live="assertive"
  className="bx--loading content-spinner"
>
  <svg
    className="bx--loading__svg"
    viewBox="-75 -75 150 150"
  >
    <circle
      cx="0"
      cy="0"
      r="37.5"
    />
  </svg>
</div>
`;

exports[`ResourceOverview ResourceOverview renders spinner 1`] = `
<div
  aria-live="assertive"
  className="bx--loading content-spinner"
>
  <svg
    className="bx--loading__svg"
    viewBox="-75 -75 150 150"
  >
    <circle
      cx="0"
      cy="0"
      r="37.5"
    />
  </svg>
</div>
`;
