// Jest Snapshot v1, https://goo.gl/fbAQLP

exports[`ApplicationDeploymentHighlights with an app selected ApplicationDeploymentHighlights renders correctly with an app selected. 1`] = `
<div
  id="DeploymentHighlights"
>
  <div
    id="ApplicationDeploymentHighlightsTerminology"
  >
    <dl
      aria-label=""
      className="pf-c-accordion"
    >
      <dt>
        <button
          aria-expanded={true}
          className="pf-c-accordion__toggle pf-m-expanded"
          id="terminology-header"
          onClick={[Function]}
        >
          <span
            className="pf-c-accordion__toggle-text"
          >
            Learn more about the terminology
          </span>
          <span
            className="pf-c-accordion__toggle-icon"
          >
            <svg
              aria-hidden={true}
              aria-labelledby={null}
              fill="currentColor"
              height="1em"
              role="img"
              style={
                Object {
                  "verticalAlign": "-0.125em",
                }
              }
              viewBox="0 0 256 512"
              width="1em"
            >
              <path
                d="M224.3 273l-136 136c-9.4 9.4-24.6 9.4-33.9 0l-22.6-22.6c-9.4-9.4-9.4-24.6 0-33.9l96.4-96.4-96.4-96.4c-9.4-9.4-9.4-24.6 0-33.9L54.3 103c9.4-9.4 24.6-9.4 33.9 0l136 136c9.5 9.4 9.5 24.6.1 34z"
                transform=""
              />
            </svg>
          </span>
        </button>
      </dt>
      <dd
        aria-label=""
        className="pf-c-accordion__expanded-content pf-m-expanded"
        hidden={false}
        id=""
      >
        <div
          className="pf-c-accordion__expanded-content-body"
        >
          <div
            className="terminology-item"
          >
            <p
              className="deployment-highlights-terminology-title"
            >
              Subscriptions
            </p>
            <p
              className="deployment-highlights-terminology-content"
            >
              Subscriptions identify Kubernetes resources within channels (source repositories). Then, the subscription places the Kubernetes resources on the target clusters.
            </p>
          </div>
          <div
            className="terminology-item"
          >
            <p
              className="deployment-highlights-terminology-title"
            >
              Placement rules
            </p>
            <p
              className="deployment-highlights-terminology-content"
            >
              Placement rules define the target clusters where subscriptions are delivered. This is done by cluster name, cluster resource annotation(s), or cluster resource label(s).
            </p>
          </div>
          <div
            className="terminology-item"
          >
            <p
              className="deployment-highlights-terminology-title"
            >
              Channels
            </p>
            <p
              className="deployment-highlights-terminology-content"
            >
              Channels point to repositories where Kubernetes resources are stored, such as Git, Helm chart, or object storage repositories, or Namespaces on the local cluster. Channels support multiple subscriptions from multiple targets.
            </p>
          </div>
          <div
            className="deployment-highlights-terminology-docs"
          >
            <a
              href="https://access.redhat.com/documentation/en-us/red_hat_advanced_cluster_management_for_kubernetes/2.1/html/manage_applications/managing-applications"
              rel="noopener noreferrer"
              target="_blank"
            >
              <span
                className="deployment-highlights-terminology-docs-text"
              >
                View documentation
              </span>
              <svg
                aria-hidden={true}
                aria-labelledby={null}
                className="details-item-link-icon"
                fill="currentColor"
                height="1em"
                role="img"
                style={
                  Object {
                    "verticalAlign": "-0.125em",
                  }
                }
                viewBox="0 64 1097 1024"
                width="1em"
              >
                <path
                  d="M921.6-73.143h-885.029c-21.943 0-36.571 14.629-36.571 36.571v804.571c0 21.943 14.629 36.571 36.571 36.571h292.571l-109.714-146.286h-73.143v-585.143h658.286v73.143l146.286 146.286v-329.143c0-21.943-14.629-36.571-29.257-36.571v0zM665.6 731.428c-219.429 0-394.971-131.657-373.029-351.086 14.629-138.971 87.771-160.914 146.286-204.8-58.514 124.343 36.571 321.829 263.314 336.457 7.314 0 21.943 0 29.257 0v-219.429l365.714 329.143-365.714 329.143v-219.429c0 0-65.829 0-65.829 0z"
                  transform="rotate(180 0 512) scale(-1 1)"
                />
              </svg>
            </a>
          </div>
        </div>
      </dd>
    </dl>
  </div>
</div>
`;

exports[`ApplicationDeploymentHighlights with no app ApplicationDeploymentHighlights with no app renders correctly. 1`] = `
<div
  id="DeploymentHighlights"
>
  <div
    id="ApplicationDeploymentHighlightsTerminology"
  >
    <dl
      aria-label=""
      className="pf-c-accordion"
    >
      <dt>
        <button
          aria-expanded={true}
          className="pf-c-accordion__toggle pf-m-expanded"
          id="terminology-header"
          onClick={[Function]}
        >
          <span
            className="pf-c-accordion__toggle-text"
          >
            Learn more about the terminology
          </span>
          <span
            className="pf-c-accordion__toggle-icon"
          >
            <svg
              aria-hidden={true}
              aria-labelledby={null}
              fill="currentColor"
              height="1em"
              role="img"
              style={
                Object {
                  "verticalAlign": "-0.125em",
                }
              }
              viewBox="0 0 256 512"
              width="1em"
            >
              <path
                d="M224.3 273l-136 136c-9.4 9.4-24.6 9.4-33.9 0l-22.6-22.6c-9.4-9.4-9.4-24.6 0-33.9l96.4-96.4-96.4-96.4c-9.4-9.4-9.4-24.6 0-33.9L54.3 103c9.4-9.4 24.6-9.4 33.9 0l136 136c9.5 9.4 9.5 24.6.1 34z"
                transform=""
              />
            </svg>
          </span>
        </button>
      </dt>
      <dd
        aria-label=""
        className="pf-c-accordion__expanded-content pf-m-expanded"
        hidden={false}
        id=""
      >
        <div
          className="pf-c-accordion__expanded-content-body"
        >
          <div
            className="terminology-item"
          >
            <p
              className="deployment-highlights-terminology-title"
            >
              Subscriptions
            </p>
            <p
              className="deployment-highlights-terminology-content"
            >
              Subscriptions identify Kubernetes resources within channels (source repositories). Then, the subscription places the Kubernetes resources on the target clusters.
            </p>
          </div>
          <div
            className="terminology-item"
          >
            <p
              className="deployment-highlights-terminology-title"
            >
              Placement rules
            </p>
            <p
              className="deployment-highlights-terminology-content"
            >
              Placement rules define the target clusters where subscriptions are delivered. This is done by cluster name, cluster resource annotation(s), or cluster resource label(s).
            </p>
          </div>
          <div
            className="terminology-item"
          >
            <p
              className="deployment-highlights-terminology-title"
            >
              Channels
            </p>
            <p
              className="deployment-highlights-terminology-content"
            >
              Channels point to repositories where Kubernetes resources are stored, such as Git, Helm chart, or object storage repositories, or Namespaces on the local cluster. Channels support multiple subscriptions from multiple targets.
            </p>
          </div>
          <div
            className="deployment-highlights-terminology-docs"
          >
            <a
              href="https://access.redhat.com/documentation/en-us/red_hat_advanced_cluster_management_for_kubernetes/2.1/html/manage_applications/managing-applications"
              rel="noopener noreferrer"
              target="_blank"
            >
              <span
                className="deployment-highlights-terminology-docs-text"
              >
                View documentation
              </span>
              <svg
                aria-hidden={true}
                aria-labelledby={null}
                className="details-item-link-icon"
                fill="currentColor"
                height="1em"
                role="img"
                style={
                  Object {
                    "verticalAlign": "-0.125em",
                  }
                }
                viewBox="0 64 1097 1024"
                width="1em"
              >
                <path
                  d="M921.6-73.143h-885.029c-21.943 0-36.571 14.629-36.571 36.571v804.571c0 21.943 14.629 36.571 36.571 36.571h292.571l-109.714-146.286h-73.143v-585.143h658.286v73.143l146.286 146.286v-329.143c0-21.943-14.629-36.571-29.257-36.571v0zM665.6 731.428c-219.429 0-394.971-131.657-373.029-351.086 14.629-138.971 87.771-160.914 146.286-204.8-58.514 124.343 36.571 321.829 263.314 336.457 7.314 0 21.943 0 29.257 0v-219.429l365.714 329.143-365.714 329.143v-219.429c0 0-65.829 0-65.829 0z"
                  transform="rotate(180 0 512) scale(-1 1)"
                />
              </svg>
            </a>
          </div>
        </div>
      </dd>
    </dl>
  </div>
</div>
`;

exports[`ApplicationDeploymentHighlights with no app selection ApplicationDeploymentHighlights renders correctly when no app is selected. 1`] = `
<div
  id="DeploymentHighlights"
>
  <div
    id="ApplicationDeploymentHighlightsTerminology"
  >
    <dl
      aria-label=""
      className="pf-c-accordion"
    >
      <dt>
        <button
          aria-expanded={true}
          className="pf-c-accordion__toggle pf-m-expanded"
          id="terminology-header"
          onClick={[Function]}
        >
          <span
            className="pf-c-accordion__toggle-text"
          >
            Learn more about the terminology
          </span>
          <span
            className="pf-c-accordion__toggle-icon"
          >
            <svg
              aria-hidden={true}
              aria-labelledby={null}
              fill="currentColor"
              height="1em"
              role="img"
              style={
                Object {
                  "verticalAlign": "-0.125em",
                }
              }
              viewBox="0 0 256 512"
              width="1em"
            >
              <path
                d="M224.3 273l-136 136c-9.4 9.4-24.6 9.4-33.9 0l-22.6-22.6c-9.4-9.4-9.4-24.6 0-33.9l96.4-96.4-96.4-96.4c-9.4-9.4-9.4-24.6 0-33.9L54.3 103c9.4-9.4 24.6-9.4 33.9 0l136 136c9.5 9.4 9.5 24.6.1 34z"
                transform=""
              />
            </svg>
          </span>
        </button>
      </dt>
      <dd
        aria-label=""
        className="pf-c-accordion__expanded-content pf-m-expanded"
        hidden={false}
        id=""
      >
        <div
          className="pf-c-accordion__expanded-content-body"
        >
          <div
            className="terminology-item"
          >
            <p
              className="deployment-highlights-terminology-title"
            >
              Subscriptions
            </p>
            <p
              className="deployment-highlights-terminology-content"
            >
              Subscriptions identify Kubernetes resources within channels (source repositories). Then, the subscription places the Kubernetes resources on the target clusters.
            </p>
          </div>
          <div
            className="terminology-item"
          >
            <p
              className="deployment-highlights-terminology-title"
            >
              Placement rules
            </p>
            <p
              className="deployment-highlights-terminology-content"
            >
              Placement rules define the target clusters where subscriptions are delivered. This is done by cluster name, cluster resource annotation(s), or cluster resource label(s).
            </p>
          </div>
          <div
            className="terminology-item"
          >
            <p
              className="deployment-highlights-terminology-title"
            >
              Channels
            </p>
            <p
              className="deployment-highlights-terminology-content"
            >
              Channels point to repositories where Kubernetes resources are stored, such as Git, Helm chart, or object storage repositories, or Namespaces on the local cluster. Channels support multiple subscriptions from multiple targets.
            </p>
          </div>
          <div
            className="deployment-highlights-terminology-docs"
          >
            <a
              href="https://access.redhat.com/documentation/en-us/red_hat_advanced_cluster_management_for_kubernetes/2.1/html/manage_applications/managing-applications"
              rel="noopener noreferrer"
              target="_blank"
            >
              <span
                className="deployment-highlights-terminology-docs-text"
              >
                View documentation
              </span>
              <svg
                aria-hidden={true}
                aria-labelledby={null}
                className="details-item-link-icon"
                fill="currentColor"
                height="1em"
                role="img"
                style={
                  Object {
                    "verticalAlign": "-0.125em",
                  }
                }
                viewBox="0 64 1097 1024"
                width="1em"
              >
                <path
                  d="M921.6-73.143h-885.029c-21.943 0-36.571 14.629-36.571 36.571v804.571c0 21.943 14.629 36.571 36.571 36.571h292.571l-109.714-146.286h-73.143v-585.143h658.286v73.143l146.286 146.286v-329.143c0-21.943-14.629-36.571-29.257-36.571v0zM665.6 731.428c-219.429 0-394.971-131.657-373.029-351.086 14.629-138.971 87.771-160.914 146.286-204.8-58.514 124.343 36.571 321.829 263.314 336.457 7.314 0 21.943 0 29.257 0v-219.429l365.714 329.143-365.714 329.143v-219.429c0 0-65.829 0-65.829 0z"
                  transform="rotate(180 0 512) scale(-1 1)"
                />
              </svg>
            </a>
          </div>
        </div>
      </dd>
    </dl>
  </div>
</div>
`;
