// Jest Snapshot v1, https://goo.gl/fbAQLP

exports[`ClustersTopologyDiagram component 1 renders as expected 1`] = `
<div
  className="topologyDiagramContainer"
/>
`;

exports[`ClustersTopologyDiagram component 2 renders as expected 1`] = `
ShallowWrapper {
  "length": 1,
  Symbol(enzyme.__root__): [Circular],
  Symbol(enzyme.__unrendered__): <ClustersTopologyDiagram
    activeFilters={
      Object {
        "namespace": Array [
          Object {
            "label": "default",
          },
        ],
      }
    }
    clusters={
      Array [
        Object {
          "id": "5b57cb37d7f883001b15d7f9",
          "index": 0,
          "name": "crucial-owl",
        },
        Object {
          "id": "5b57cbb101ce3f001b7018f0",
          "index": 1,
          "name": "myminikube",
        },
      ]
    }
    links={
      Array [
        Object {
          "label": "calls",
          "source": "545cb76d-7a1b-11e8-bdf2-005056a0d11b",
          "target": "792aab50-7a1b-11e8-bdf2-005056a0d11b",
          "type": "calls",
          "uid": "545cb76d-7a1b-11e8-bdf2-005056a0d11b792aab50-7a1b-11e8-bdf2-005056a0d11b",
        },
        Object {
          "label": "calls",
          "source": "54672c64-7a1b-11e8-bdf2-005056a0d11b",
          "target": "7936fc03-7a1b-11e8-bdf2-005056a0d11b",
          "type": "calls",
          "uid": "54672c64-7a1b-11e8-bdf2-005056a0d11b7936fc03-7a1b-11e8-bdf2-005056a0d11b",
        },
        Object {
          "label": "calls",
          "source": "546e1b9d-7a1b-11e8-bdf2-005056a0d11b",
          "target": "79421b13-7a1b-11e8-bdf2-005056a0d11b",
          "type": "calls",
          "uid": "546e1b9d-7a1b-11e8-bdf2-005056a0d11b79421b13-7a1b-11e8-bdf2-005056a0d11b",
        },
      ]
    }
    nodes={
      Array [
        Object {
          "__typename": "Resource",
          "cluster": "5b57cb37d7f883001b15d7f9",
          "id": "5b57cb3825f660891c811e11",
          "name": "reeling-lemur-hcm-demoaccessories-templatedb",
          "namespace": "default",
          "topology": "services",
          "type": "service",
          "uid": "b5c462ec-8389-11e8-bdf2-005056a0d11b",
        },
        Object {
          "__typename": "Resource",
          "cluster": "5b57cb37d7f883001b15d7f9",
          "id": "5b57cb3825f660891c811e20",
          "name": "etcd-service",
          "namespace": "default",
          "topology": "services",
          "type": "service",
          "uid": "792aab50-7a1b-11e8-bdf2-005056a0d11b",
        },
        Object {
          "__typename": "Resource",
          "cluster": "5b57cb37d7f883001b15d7f9",
          "id": "5b57cb3825f660891c811e32",
          "name": "justin-testing-jenkinsch",
          "namespace": "default",
          "topology": "services",
          "type": "service",
          "uid": "8c479bdd-8ed6-11e8-bdf2-005056a0d11b",
        },
        Object {
          "__typename": "Resource",
          "cluster": "5b57cb37d7f883001b15d7f9",
          "id": "5b57cb3825f660891c811e36",
          "name": "reeling-lemur-hcm-demoaccessories-instancedb",
          "namespace": "default",
          "topology": "services",
          "type": "service",
          "uid": "b5c0611e-8389-11e8-bdf2-005056a0d11b",
        },
        Object {
          "__typename": "Resource",
          "cluster": "5b57cb37d7f883001b15d7f9",
          "id": "5b57cb3825f660891c811e37",
          "name": "kubernetes",
          "namespace": "default",
          "topology": "services",
          "type": "service",
          "uid": "4545958f-5545-11e8-bdf2-005056a0d11b",
        },
        Object {
          "__typename": "Resource",
          "cluster": "5b57cb37d7f883001b15d7f9",
          "id": "5b57cb3825f660891c811e3c",
          "name": "proxy-etcd-storage",
          "namespace": "default",
          "topology": "services",
          "type": "service",
          "uid": "545cb76d-7a1b-11e8-bdf2-005056a0d11b",
        },
        Object {
          "__typename": "Resource",
          "cluster": "5b57cb37d7f883001b15d7f9",
          "id": "5b57cb3825f660891c811e50",
          "name": "reeling-lemur-hcm-demoaccessories-templatedb",
          "namespace": "default",
          "topology": "kube-controllers",
          "type": "deployment",
          "uid": "b5c61ea0-8389-11e8-bdf2-005056a0d11b",
        },
        Object {
          "__typename": "Resource",
          "cluster": "5b57cb37d7f883001b15d7f9",
          "id": "5b57cb3825f660891c811e57",
          "name": "justin-testing-jenkinsch",
          "namespace": "default",
          "topology": "kube-controllers",
          "type": "deployment",
          "uid": "8c486643-8ed6-11e8-bdf2-005056a0d11b",
        },
        Object {
          "__typename": "Resource",
          "cluster": "5b57cb37d7f883001b15d7f9",
          "id": "5b57cb3825f660891c811e69",
          "name": "etcd-operator",
          "namespace": "default",
          "topology": "kube-controllers",
          "type": "deployment",
          "uid": "85621f1f-7a1b-11e8-bdf2-005056a0d11b",
        },
        Object {
          "__typename": "Resource",
          "cluster": "5b57cb37d7f883001b15d7f9",
          "id": "5b57cb3825f660891c811e6e",
          "name": "etcd-v1",
          "namespace": "default",
          "topology": "kube-controllers",
          "type": "deployment",
          "uid": "7936fc03-7a1b-11e8-bdf2-005056a0d11b",
        },
        Object {
          "__typename": "Resource",
          "cluster": "5b57cb37d7f883001b15d7f9",
          "id": "5b57cb3825f660891c811e71",
          "name": "reeling-lemur-hcm-demoaccessories-instancedb",
          "namespace": "default",
          "topology": "kube-controllers",
          "type": "deployment",
          "uid": "b5c52eb4-8389-11e8-bdf2-005056a0d11b",
        },
        Object {
          "__typename": "Resource",
          "cluster": "5b57cb37d7f883001b15d7f9",
          "id": "5b57cb3825f660891c811e73",
          "name": "proxy-etcd-storage-v1",
          "namespace": "default",
          "topology": "kube-controllers",
          "type": "deployment",
          "uid": "54672c64-7a1b-11e8-bdf2-005056a0d11b",
        },
        Object {
          "__typename": "Resource",
          "cluster": "5b57cb37d7f883001b15d7f9",
          "id": "5b57cb3825f660891c811ea0",
          "name": "selenium-acs-1530319117885-hcm-allinone-hcmm-9d478cff-8h4dj",
          "namespace": "default",
          "topology": "pods",
          "type": "pod",
          "uid": "00018318-7bfe-11e8-bdf2-005056a0d11b",
        },
        Object {
          "__typename": "Resource",
          "cluster": "5b57cb37d7f883001b15d7f9",
          "id": "5b57cb3825f660891c811ea5",
          "name": "selenium-acs-1530323581078-hcm-allinone-hcmm-855cd86c9-2knmn",
          "namespace": "default",
          "topology": "pods",
          "type": "pod",
          "uid": "64c68f10-7c08-11e8-bdf2-005056a0d11b",
        },
        Object {
          "__typename": "Resource",
          "cluster": "5b57cb37d7f883001b15d7f9",
          "id": "5b57cb3825f660891c811eb8",
          "name": "reeling-lemur-hcm-demoaccessories-instancedb-669d858557-v2p8b",
          "namespace": "default",
          "topology": "pods",
          "type": "pod",
          "uid": "b5ce532c-8389-11e8-bdf2-005056a0d11b",
        },
        Object {
          "__typename": "Resource",
          "cluster": "5b57cb37d7f883001b15d7f9",
          "id": "5b57cb3825f660891c811ebe",
          "name": "proxy-etcd-storage-v1-5656c79bbc-fgz5p",
          "namespace": "default",
          "topology": "pods",
          "type": "pod",
          "uid": "546e1b9d-7a1b-11e8-bdf2-005056a0d11b",
        },
        Object {
          "__typename": "Resource",
          "cluster": "5b57cb37d7f883001b15d7f9",
          "id": "5b57cb3825f660891c811ec1",
          "name": "etcd-v1-57f5bbfd4-fqzk9",
          "namespace": "default",
          "topology": "pods",
          "type": "pod",
          "uid": "79421b13-7a1b-11e8-bdf2-005056a0d11b",
        },
        Object {
          "__typename": "Resource",
          "cluster": "5b57cb37d7f883001b15d7f9",
          "id": "5b57cb3825f660891c811ec2",
          "name": "justin-testing-jenkinsch-594898c684-tgdsf",
          "namespace": "default",
          "topology": "pods",
          "type": "pod",
          "uid": "8c4eeaf7-8ed6-11e8-bdf2-005056a0d11b",
        },
        Object {
          "__typename": "Resource",
          "cluster": "5b57cb37d7f883001b15d7f9",
          "id": "5b57cb3825f660891c811edb",
          "name": "reeling-lemur-hcm-demoaccessories-templatedb-86c5755c4b-hmxx2",
          "namespace": "default",
          "topology": "pods",
          "type": "pod",
          "uid": "b5cdd220-8389-11e8-bdf2-005056a0d11b",
        },
        Object {
          "__typename": "Resource",
          "cluster": "5b57cb37d7f883001b15d7f9",
          "id": "5b57cb3825f660891c811ee4",
          "name": "etcd-operator-7d5b777654-9cl5q",
          "namespace": "default",
          "topology": "pods",
          "type": "pod",
          "uid": "8563dd2a-7a1b-11e8-bdf2-005056a0d11b",
        },
        Object {
          "__typename": "Resource",
          "cluster": "5b57cbb101ce3f001b7018f0",
          "id": "5b57cbb125f660891c812113",
          "name": "undercooked-dragonfly-hcm-demoaccessories-templatedb-6f96fb684b",
          "namespace": "default",
          "topology": "pods",
          "type": "pod",
          "uid": "86ccc5c3-8455-11e8-8c39-005056a021ea",
        },
        Object {
          "__typename": "Resource",
          "cluster": "5b57cbb101ce3f001b7018f0",
          "id": "5b57cbb125f660891c812115",
          "name": "exiled-anteater-hcm-demoaccessories-instancedb-54c5456447-794h6",
          "namespace": "default",
          "topology": "pods",
          "type": "pod",
          "uid": "e8753e7b-845c-11e8-8c39-005056a021ea",
        },
        Object {
          "__typename": "Resource",
          "cluster": "5b57cbb101ce3f001b7018f0",
          "id": "5b57cbb125f660891c812129",
          "name": "undercooked-dragonfly-hcm-demoaccessories-instancedb-58cffl4hzl",
          "namespace": "default",
          "topology": "pods",
          "type": "pod",
          "uid": "86c446fb-8455-11e8-8c39-005056a021ea",
        },
        Object {
          "__typename": "Resource",
          "cluster": "5b57cbb101ce3f001b7018f0",
          "id": "5b57cbb125f660891c81213f",
          "name": "exiled-anteater-hcm-demoaccessories-templatedb-68885d9b6d-x6fvp",
          "namespace": "default",
          "topology": "pods",
          "type": "pod",
          "uid": "e8754e5b-845c-11e8-8c39-005056a021ea",
        },
        Object {
          "__typename": "Resource",
          "cluster": "5b57cbb101ce3f001b7018f0",
          "id": "5b57cbb125f660891c812160",
          "name": "undercooked-dragonfly-hcm-demoaccessories-instancedb",
          "namespace": "default",
          "topology": "kube-controllers",
          "type": "deployment",
          "uid": "86ba5c47-8455-11e8-8c39-005056a021ea",
        },
        Object {
          "__typename": "Resource",
          "cluster": "5b57cbb101ce3f001b7018f0",
          "id": "5b57cbb125f660891c812166",
          "name": "undercooked-dragonfly-hcm-demoaccessories-templatedb",
          "namespace": "default",
          "topology": "kube-controllers",
          "type": "deployment",
          "uid": "86bc3371-8455-11e8-8c39-005056a021ea",
        },
        Object {
          "__typename": "Resource",
          "cluster": "5b57cbb101ce3f001b7018f0",
          "id": "5b57cbb125f660891c812174",
          "name": "exiled-anteater-hcm-demoaccessories-instancedb",
          "namespace": "default",
          "topology": "kube-controllers",
          "type": "deployment",
          "uid": "e850ce0d-845c-11e8-8c39-005056a021ea",
        },
        Object {
          "__typename": "Resource",
          "cluster": "5b57cbb101ce3f001b7018f0",
          "id": "5b57cbb125f660891c81217d",
          "name": "exiled-anteater-hcm-demoaccessories-templatedb",
          "namespace": "default",
          "topology": "kube-controllers",
          "type": "deployment",
          "uid": "e852a03a-845c-11e8-8c39-005056a021ea",
        },
        Object {
          "__typename": "Resource",
          "cluster": "5b57cbb101ce3f001b7018f0",
          "id": "5b5adfd625f660891c939943",
          "name": "undercooked-dragonfly-hcm-demoaccessories-instancedb",
          "namespace": "default",
          "topology": "services",
          "type": "service",
          "uid": "86b49b1a-8455-11e8-8c39-005056a021ea",
        },
        Object {
          "__typename": "Resource",
          "cluster": "5b57cbb101ce3f001b7018f0",
          "id": "5b5adfd625f660891c939952",
          "name": "kubernetes",
          "namespace": "default",
          "topology": "services",
          "type": "service",
          "uid": "f7c89aa0-7b9f-11e8-8c39-005056a021ea",
        },
        Object {
          "__typename": "Resource",
          "cluster": "5b57cbb101ce3f001b7018f0",
          "id": "5b5adfd625f660891c939956",
          "name": "exiled-anteater-hcm-demoaccessories-instancedb",
          "namespace": "default",
          "topology": "services",
          "type": "service",
          "uid": "e848c469-845c-11e8-8c39-005056a021ea",
        },
        Object {
          "__typename": "Resource",
          "cluster": "5b57cbb101ce3f001b7018f0",
          "id": "5b5adfd625f660891c939967",
          "name": "undercooked-dragonfly-hcm-demoaccessories-templatedb",
          "namespace": "default",
          "topology": "services",
          "type": "service",
          "uid": "86b97b73-8455-11e8-8c39-005056a021ea",
        },
        Object {
          "__typename": "Resource",
          "cluster": "5b57cbb101ce3f001b7018f0",
          "id": "5b5adfd625f660891c939968",
          "name": "exiled-anteater-hcm-demoaccessories-templatedb",
          "namespace": "default",
          "topology": "services",
          "type": "service",
          "uid": "e84fcf01-845c-11e8-8c39-005056a021ea",
        },
      ]
    }
    onSelectedNodeChange={[MockFunction]}
    selectedNodeId=""
    status="DONE"
  />,
  Symbol(enzyme.__renderer__): Object {
    "batchedUpdates": [Function],
    "getNode": [Function],
    "render": [Function],
    "simulateEvent": [Function],
    "unmount": [Function],
  },
  Symbol(enzyme.__node__): Object {
    "instance": null,
    "key": undefined,
    "nodeType": "host",
    "props": Object {
      "children": Array [
        <TopologyViewer
          activeFilters={
            Object {
              "namespace": Array [
                Object {
                  "label": "default",
                },
              ],
            }
          }
          id="5b57cb37d7f883001b15d7f9"
          links={undefined}
          name="crucial-owl"
          nodes={undefined}
          onSelectedNodeChange={[MockFunction]}
          staticResourceData={undefined}
        />,
        <TopologyViewer
          activeFilters={
            Object {
              "namespace": Array [
                Object {
                  "label": "default",
                },
              ],
            }
          }
          id="5b57cbb101ce3f001b7018f0"
          links={undefined}
          name="myminikube"
          nodes={undefined}
          onSelectedNodeChange={[MockFunction]}
          staticResourceData={undefined}
        />,
      ],
      "className": "topologyDiagramContainer",
    },
    "ref": null,
    "rendered": Array [
      Object {
        "instance": null,
        "key": "5b57cb37d7f883001b15d7f9",
        "nodeType": "class",
        "props": Object {
          "activeFilters": Object {
            "namespace": Array [
              Object {
                "label": "default",
              },
            ],
          },
          "id": "5b57cb37d7f883001b15d7f9",
          "links": undefined,
          "name": "crucial-owl",
          "nodes": undefined,
          "onSelectedNodeChange": [MockFunction],
          "staticResourceData": undefined,
        },
        "ref": null,
        "rendered": null,
        "type": [Function],
      },
      Object {
        "instance": null,
        "key": "5b57cbb101ce3f001b7018f0",
        "nodeType": "class",
        "props": Object {
          "activeFilters": Object {
            "namespace": Array [
              Object {
                "label": "default",
              },
            ],
          },
          "id": "5b57cbb101ce3f001b7018f0",
          "links": undefined,
          "name": "myminikube",
          "nodes": undefined,
          "onSelectedNodeChange": [MockFunction],
          "staticResourceData": undefined,
        },
        "ref": null,
        "rendered": null,
        "type": [Function],
      },
    ],
    "type": "div",
  },
  Symbol(enzyme.__nodes__): Array [
    Object {
      "instance": null,
      "key": undefined,
      "nodeType": "host",
      "props": Object {
        "children": Array [
          <TopologyViewer
            activeFilters={
              Object {
                "namespace": Array [
                  Object {
                    "label": "default",
                  },
                ],
              }
            }
            id="5b57cb37d7f883001b15d7f9"
            links={undefined}
            name="crucial-owl"
            nodes={undefined}
            onSelectedNodeChange={[MockFunction]}
            staticResourceData={undefined}
          />,
          <TopologyViewer
            activeFilters={
              Object {
                "namespace": Array [
                  Object {
                    "label": "default",
                  },
                ],
              }
            }
            id="5b57cbb101ce3f001b7018f0"
            links={undefined}
            name="myminikube"
            nodes={undefined}
            onSelectedNodeChange={[MockFunction]}
            staticResourceData={undefined}
          />,
        ],
        "className": "topologyDiagramContainer",
      },
      "ref": null,
      "rendered": Array [
        Object {
          "instance": null,
          "key": "5b57cb37d7f883001b15d7f9",
          "nodeType": "class",
          "props": Object {
            "activeFilters": Object {
              "namespace": Array [
                Object {
                  "label": "default",
                },
              ],
            },
            "id": "5b57cb37d7f883001b15d7f9",
            "links": undefined,
            "name": "crucial-owl",
            "nodes": undefined,
            "onSelectedNodeChange": [MockFunction],
            "staticResourceData": undefined,
          },
          "ref": null,
          "rendered": null,
          "type": [Function],
        },
        Object {
          "instance": null,
          "key": "5b57cbb101ce3f001b7018f0",
          "nodeType": "class",
          "props": Object {
            "activeFilters": Object {
              "namespace": Array [
                Object {
                  "label": "default",
                },
              ],
            },
            "id": "5b57cbb101ce3f001b7018f0",
            "links": undefined,
            "name": "myminikube",
            "nodes": undefined,
            "onSelectedNodeChange": [MockFunction],
            "staticResourceData": undefined,
          },
          "ref": null,
          "rendered": null,
          "type": [Function],
        },
      ],
      "type": "div",
    },
  ],
  Symbol(enzyme.__options__): Object {
    "adapter": ReactSixteenAdapter {
      "options": Object {
        "enableComponentDidUpdateOnSetState": true,
      },
    },
  },
}
`;
