// Jest Snapshot v1, https://goo.gl/fbAQLP

exports[`ChannelsCardCarousel ChannelsCardCarousel renders correctly. 1`] = `
<div
  id="ChannelsCardCarousel"
>
  <div
    className="card-container-container"
  >
    <div
      className="individualCard"
    >
      <div
        className="card-container"
      >
        <div
          className="card-content"
        >
          <div
            className="card-name"
          >
            Channel
            : 
            Development
          </div>
          <div
            className="card-count-content"
          >
            <div
              className="card-count-container"
              role="button"
              tabIndex="0"
            >
              <div
                className="card-count"
              >
                <div
                  className="card-count-total"
                >
                  3
                </div>
              </div>
              <div
                className="card-status"
              >
                PENDING
              </div>
            </div>
            <div
              className="card-count-container"
              role="button"
              tabIndex="0"
            >
              <div
                className="card-count"
              >
                <div
                  className="card-count-total"
                >
                  2
                </div>
              </div>
              <div
                className="card-status"
              >
                IN PROGRESS
              </div>
            </div>
            <div
              className="card-count-container"
              role="button"
              tabIndex="0"
            >
              <div
                className="card-count"
              >
                <div
                  className="card-count-total"
                >
                  1
                </div>
              </div>
              <div
                className="card-status"
              >
                FAILED
              </div>
            </div>
          </div>
        </div>
      </div>
    </div>
    <div
      className="individualCard"
    >
      <div
        className="card-container"
      >
        <div
          className="card-content"
        >
          <div
            className="card-name"
          >
            Channel
            : 
            QA
          </div>
          <div
            className="card-count-content"
          >
            <div
              className="card-count-container"
              role="button"
              tabIndex="0"
            >
              <div
                className="card-count"
              >
                <div
                  className="card-count-total"
                >
                  3
                </div>
              </div>
              <div
                className="card-status"
              >
                PENDING
              </div>
            </div>
            <div
              className="card-count-container"
              role="button"
              tabIndex="0"
            >
              <div
                className="card-count"
              >
                <div
                  className="card-count-total"
                >
                  2
                </div>
              </div>
              <div
                className="card-status"
              >
                IN PROGRESS
              </div>
            </div>
            <div
              className="card-count-container"
              role="button"
              tabIndex="0"
            >
              <div
                className="card-count"
              >
                <div
                  className="card-count-total"
                >
                  1
                </div>
              </div>
              <div
                className="card-status"
              >
                FAILED
              </div>
            </div>
          </div>
        </div>
      </div>
    </div>
    <div
      className="individualCard"
    >
      <div
        className="card-container"
      >
        <div
          className="card-content"
        >
          <div
            className="card-name"
          >
            Channel
            : 
            Dev
          </div>
          <div
            className="card-count-content"
          >
            <div
              className="card-count-container"
              role="button"
              tabIndex="0"
            >
              <div
                className="card-count"
              >
                <div
                  className="card-count-total"
                >
                  3
                </div>
              </div>
              <div
                className="card-status"
              >
                PENDING
              </div>
            </div>
            <div
              className="card-count-container"
              role="button"
              tabIndex="0"
            >
              <div
                className="card-count"
              >
                <div
                  className="card-count-total"
                >
                  2
                </div>
              </div>
              <div
                className="card-status"
              >
                IN PROGRESS
              </div>
            </div>
            <div
              className="card-count-container"
              role="button"
              tabIndex="0"
            >
              <div
                className="card-count"
              >
                <div
                  className="card-count-total"
                >
                  1
                </div>
              </div>
              <div
                className="card-status"
              >
                FAILED
              </div>
            </div>
          </div>
        </div>
      </div>
    </div>
  </div>
</div>
`;
