// Jest Snapshot v1, https://goo.gl/fbAQLP

exports[`CountsCardModule CountsCardModule renders correctly. 1`] = `
<div
  id="CountsCardModule"
>
  <div
    className="card-container"
  >
    <div
      className="card-container-content"
    >
      <div
        className="card-count-type hasRightBorder"
        role="button"
        tabIndex="0"
      >
        <div
          className="card-count"
        >
          6
        </div>
        <div
          className="card-type"
        >
          Deployables
        </div>
        <div
          className="card-text"
        >
          Per instance
        </div>
      </div>
      <div
        className="card-count-type"
        role="button"
        tabIndex="0"
      >
        <div
          className="card-count"
        >
          38
        </div>
        <div
          className="card-type"
        >
          Deployments
        </div>
        <div
          className="card-text"
        >
          Total
        </div>
      </div>
      <div
        className="card-count-type"
        role="button"
        tabIndex="0"
      >
        <div
          className="card-count"
        >
          4
        </div>
        <div
          className="card-type"
        >
          Pending
        </div>
        <div
          className="card-text"
        >
          Deployments
        </div>
      </div>
      <div
        className="card-count-type"
        role="button"
        tabIndex="0"
      >
        <div
          className="card-count"
        >
          10
        </div>
        <div
          className="card-type"
        >
          In Progress
        </div>
        <div
          className="card-text"
        >
          Deployments
        </div>
      </div>
      <div
        className="card-count-type"
        role="button"
        tabIndex="0"
      >
        <div
          className="card-count alert"
        >
          14
        </div>
        <div
          className="card-type"
        >
          Failed
        </div>
        <div
          className="card-text"
        >
          Deployments
        </div>
      </div>
      <div
        className="card-count-type hasLeftBorder"
        role="button"
        tabIndex="0"
      >
        <div
          className="card-count alert"
        >
          2
        </div>
        <div
          className="card-type"
        >
          Incidents
        </div>
        <div
          className="card-text"
        >
          Total
        </div>
      </div>
    </div>
  </div>
</div>
`;
