// Jest Snapshot v1, https://goo.gl/fbAQLP

exports[`ResourceList renders correctly 1`] = `
<div
  className="bx--module bx--module--single bx--tile search-query-card-loading-apps "
>
  <div
    className="bx--module__inner"
  >
    <div
      className="search-query-card-loading-apps "
    >
      <p
        className="bx--skeleton__text"
        style={
          Object {
            "width": "100%",
          }
        }
      />
      <p
        className="bx--skeleton__text"
        style={
          Object {
            "width": "100%",
          }
        }
      />
    </div>
  </div>
</div>
`;
