// Jest Snapshot v1, https://goo.gl/fbAQLP

exports[`PipelineGrid PipelineGrid renders correctly. 1`] = `
<div
  id="PipelineGrid"
>
  <div
    className="tableGridContainer"
  >
    <div
      className="applicationColumnContainer"
    >
      <div
        className="tileContainer"
      >
        <div
          className="bx--tile firstTotalTile"
        >
          <div
            className="totalApplications"
          >
            5 
            applications
          </div>
          <div
            className="totalDeployables"
          >
            3 
            subscriptions
          </div>
        </div>
      </div>
      <div
        className="tileContainerApp"
      >
        <div
          className="bx--tile applicationTile"
          onClick={[Function]}
        >
          <svg
            alt=""
            aria-label=""
            className="closeRowChevron"
            fill="#6089bf"
            fillRule="evenodd"
            height="12"
            id="standalonechevron"
            name="icon--chevron--right"
            role="img"
            viewBox="0 0 7 12"
            width="7"
          >
            <title>
              
            </title>
            <path
              d="M5.569 5.994L0 .726.687 0l6.336 5.994-6.335 6.002L0 11.27z"
            />
          </svg>
          <div
            className="ApplicationContents"
          >
            <div
              className="appName"
            >
              Standalone subscriptions
              <div
                className="bx--tooltip__trigger"
              >
                
                <div
                  aria-expanded={false}
                  aria-haspopup="true"
                  id="__carbon-tooltip-trigger_i"
                  onBlur={[Function]}
                  onClick={[Function]}
                  onFocus={[Function]}
                  onKeyDown={[Function]}
                  onMouseOut={[Function]}
                  onMouseOver={[Function]}
                  role="button"
                  tabIndex={0}
                >
                  <svg
                    alt="tooltip"
                    aria-label="tooltip"
                    fillRule="evenodd"
                    height="24"
                    name="info"
                    role="img"
                    viewBox="0 0 24 24"
                    width="24"
                  >
                    <title>
                      
                    </title>
                    <path
                      d="M12 2c5.5 0 10 4.5 10 10s-4.5 10-10 10S2 17.5 2 12 6.5 2 12 2zm0-2C5.4 0 0 5.4 0 12s5.4 12 12 12 12-5.4 12-12S18.6 0 12 0z"
                    />
                    <path
                      d="M14 10H9v2h2v4H9v2h7v-2h-2zM11 7.5a1.5 1.5 0 1 1 3 0 1.5 1.5 0 1 1-3 0"
                    />
                  </svg>
                </div>
              </div>
            </div>
            <div
              className="appDeployables"
            >
              2 
              subscriptions
            </div>
          </div>
        </div>
        <div
          className="deployablesDisplay"
          id="standalone"
          style={
            Object {
              "display": "none",
            }
          }
        >
          <div
            className="bx--tile deployableTile"
          />
        </div>
      </div>
      <div
        className="tileContainerApp"
      >
        <div
          className="bx--tile applicationTile"
          onClick={[Function]}
        >
          <svg
            alt=""
            aria-label=""
            className="closeRowChevron"
            fill="#6089bf"
            fillRule="evenodd"
            height="12"
            id="mortgage-appchevron"
            name="icon--chevron--right"
            role="img"
            viewBox="0 0 7 12"
            width="7"
          >
            <title>
              
            </title>
            <path
              d="M5.569 5.994L0 .726.687 0l6.336 5.994-6.335 6.002L0 11.27z"
            />
          </svg>
          <div
            className="ApplicationContents"
          >
            <div
              className="appName"
            >
              mortgage-app 
            </div>
            <div
              className="appDeployables"
            >
              1 
              subscription
            </div>
          </div>
        </div>
        <div
          className="deployablesDisplay"
          id="mortgage-app"
          style={
            Object {
              "display": "none",
            }
          }
        >
          <div
            className="bx--tile deployableTile"
          />
        </div>
      </div>
      <div
        className="tileContainerApp"
      >
        <div
          className="bx--tile applicationTile"
          onClick={[Function]}
        >
          <svg
            alt=""
            aria-label=""
            className="closeRowChevron"
            fill="#6089bf"
            fillRule="evenodd"
            height="12"
            id="samplebook-gbappchevron"
            name="icon--chevron--right"
            role="img"
            viewBox="0 0 7 12"
            width="7"
          >
            <title>
              
            </title>
            <path
              d="M5.569 5.994L0 .726.687 0l6.336 5.994-6.335 6.002L0 11.27z"
            />
          </svg>
          <div
            className="ApplicationContents"
          >
            <div
              className="appName"
            >
              samplebook-gbapp 
            </div>
            <div
              className="appDeployables"
            >
              1 
              subscription
            </div>
          </div>
        </div>
        <div
          className="deployablesDisplay"
          id="samplebook-gbapp"
          style={
            Object {
              "display": "none",
            }
          }
        >
          <div
            className="bx--tile deployableTile"
          />
        </div>
      </div>
      <div
        className="tileContainerApp"
      >
        <div
          className="bx--tile applicationTile"
          onClick={[Function]}
        >
          <div
            className="ApplicationContents"
          >
            <div
              className="appName"
            >
              stocktrader-app 
            </div>
            <div
              className="appDeployables"
            >
              0 
              subscriptions
            </div>
          </div>
        </div>
        <div
          className="deployablesDisplay"
          id="stocktrader-app"
          style={
            Object {
              "display": "none",
            }
          }
        />
      </div>
      <div
        className="tileContainerApp"
      >
        <div
          className="bx--tile applicationTile"
          onClick={[Function]}
        >
          <svg
            alt=""
            aria-label=""
            className="closeRowChevron"
            fill="#6089bf"
            fillRule="evenodd"
            height="12"
            id="subscribed-guestbook-applicationchevron"
            name="icon--chevron--right"
            role="img"
            viewBox="0 0 7 12"
            width="7"
          >
            <title>
              
            </title>
            <path
              d="M5.569 5.994L0 .726.687 0l6.336 5.994-6.335 6.002L0 11.27z"
            />
          </svg>
          <div
            className="ApplicationContents"
          >
            <div
              className="appName"
            >
              subscribed-guestbook-application 
            </div>
            <div
              className="appDeployables"
            >
              1 
              subscription
            </div>
          </div>
        </div>
        <div
          className="deployablesDisplay"
          id="subscribed-guestbook-application"
          style={
            Object {
              "display": "none",
            }
          }
        >
          <div
            className="bx--tile deployableTile"
          />
        </div>
      </div>
      <div
        className="tileContainerApp"
      >
        <div
          className="bx--tile applicationTile"
          onClick={[Function]}
        >
          <div
            className="ApplicationContents"
          >
            <div
              className="appName"
            >
              app-no-channel 
            </div>
            <div
              className="appDeployables"
            >
              0 
              subscriptions
            </div>
          </div>
        </div>
        <div
          className="deployablesDisplay"
          id="app-no-channel"
          style={
            Object {
              "display": "none",
            }
          }
        />
      </div>
    </div>
    <div
      className="channelGridContainer"
    >
      <div
        className="horizontalScrollRow"
      >
        <div
          className="channelColumn"
        >
          <div
            className="bx--tile channelColumnHeader"
          >
            <div
              className="channelNameHeader"
            >
              <div
                className="yamlEditContainer"
                onClick={[Function]}
                onKeyPress={[Function]}
                role="button"
                tabIndex={0}
              >
                <div
                  className="yamlTitle"
                >
                  YAML
                </div>
                <svg
                  alt=""
                  aria-label=""
                  className="channelEditIcon"
                  fill="#6089bf"
                  fillRule="evenodd"
                  height="16"
                  name="icon--edit"
                  role="img"
                  viewBox="0 0 16 16"
                  width="16"
                >
                  <title>
                    
                  </title>
                  <path
                    d="M7.926 3.38L1.002 9.72V12h2.304l6.926-6.316L7.926 3.38zm.738-.675l2.308 2.304 1.451-1.324-2.308-2.309-1.451 1.329zM.002 9.28L9.439.639a1 1 0 0 1 1.383.03l2.309 2.309a1 1 0 0 1-.034 1.446L3.694 13H.002V9.28zM0 16.013v-1h16v1z"
                  />
                </svg>
              </div>
              <div
                onClick={[Function]}
                onKeyPress={[Function]}
                role="button"
                style={
                  Object {
                    "visibility": "hidden",
                  }
                }
                tabIndex={0}
              />
              <div
                className="channelTitle"
              >
                Channel
              </div>
              <div
                className="channelNameTitle"
              >
                mortgage-channel
              </div>
            </div>
          </div>
        </div>
        <div
          className="channelColumn"
        >
          <div
            className="bx--tile channelColumnHeader"
          >
            <div
              className="channelNameHeader"
            >
              <div
                className="yamlEditContainer"
                onClick={[Function]}
                onKeyPress={[Function]}
                role="button"
                tabIndex={0}
              >
                <div
                  className="yamlTitle"
                >
                  YAML
                </div>
                <svg
                  alt=""
                  aria-label=""
                  className="channelEditIcon"
                  fill="#6089bf"
                  fillRule="evenodd"
                  height="16"
                  name="icon--edit"
                  role="img"
                  viewBox="0 0 16 16"
                  width="16"
                >
                  <title>
                    
                  </title>
                  <path
                    d="M7.926 3.38L1.002 9.72V12h2.304l6.926-6.316L7.926 3.38zm.738-.675l2.308 2.304 1.451-1.324-2.308-2.309-1.451 1.329zM.002 9.28L9.439.639a1 1 0 0 1 1.383.03l2.309 2.309a1 1 0 0 1-.034 1.446L3.694 13H.002V9.28zM0 16.013v-1h16v1z"
                  />
                </svg>
              </div>
              <div
                onClick={[Function]}
                onKeyPress={[Function]}
                role="button"
                style={
                  Object {
                    "visibility": "hidden",
                  }
                }
                tabIndex={0}
              />
              <div
                className="channelTitle"
              >
                Channel
              </div>
              <div
                className="channelNameTitle"
              >
                hub-local-helm-repo
              </div>
            </div>
          </div>
        </div>
        <div
          className="channelColumn"
        >
          <div
            className="bx--tile channelColumnHeader"
          >
            <div
              className="channelNameHeader"
            >
              <div
                className="yamlEditContainer"
                onClick={[Function]}
                onKeyPress={[Function]}
                role="button"
                tabIndex={0}
              >
                <div
                  className="yamlTitle"
                >
                  YAML
                </div>
                <svg
                  alt=""
                  aria-label=""
                  className="channelEditIcon"
                  fill="#6089bf"
                  fillRule="evenodd"
                  height="16"
                  name="icon--edit"
                  role="img"
                  viewBox="0 0 16 16"
                  width="16"
                >
                  <title>
                    
                  </title>
                  <path
                    d="M7.926 3.38L1.002 9.72V12h2.304l6.926-6.316L7.926 3.38zm.738-.675l2.308 2.304 1.451-1.324-2.308-2.309-1.451 1.329zM.002 9.28L9.439.639a1 1 0 0 1 1.383.03l2.309 2.309a1 1 0 0 1-.034 1.446L3.694 13H.002V9.28zM0 16.013v-1h16v1z"
                  />
                </svg>
              </div>
              <div
                onClick={[Function]}
                onKeyPress={[Function]}
                role="button"
                style={
                  Object {
                    "visibility": "hidden",
                  }
                }
                tabIndex={0}
              />
              <div
                className="channelTitle"
              >
                Channel
              </div>
              <div
                className="channelNameTitle"
              >
                guestbook
              </div>
            </div>
          </div>
        </div>
      </div>
      <div
        className="horizontalScrollRow"
      >
        <div
          className="channelColumn"
        >
          <div
            className="bx--tile channelColumnHeaderApplication"
          >
            <div
              className="subTotal"
            >
              1
            </div>
            <div
              className="subTotalDescription"
            >
              Subscriptions in this channel
            </div>
          </div>
        </div>
        <div
          className="channelColumn"
        >
          <div
            className="bx--tile channelColumnHeaderApplication"
          >
            <div
              className="subTotal"
            >
              0
            </div>
            <div
              className="subTotalDescription"
            >
              Subscriptions in this channel
            </div>
          </div>
        </div>
        <div
          className="channelColumn"
        >
          <div
            className="bx--tile channelColumnHeaderApplication"
          >
            <div
              className="subTotal"
            >
              0
            </div>
            <div
              className="subTotalDescription"
            >
              Subscriptions in this channel
            </div>
          </div>
        </div>
      </div>
      <div
        className="horizontalScrollRow spaceOutBelow"
        id="standalonedeployableRows"
        style={
          Object {
            "display": "none",
          }
        }
      >
        <div
          className="deployableRow"
        >
          <div
            className="channelColumnDep"
          >
            <div
              className="bx--tile channelColumnDeployable addHover"
              onClick={[Function]}
            >
              <div
                className="subColHeader"
              >
                Subscription
              </div>
              <div
                className="yamlEditSubContainer"
                onClick={[Function]}
                onKeyPress={[Function]}
                role="button"
                tabIndex={0}
              >
                <div
                  className="yamlTitleSub"
                >
                  YAML
                </div>
                <svg
                  alt=""
                  aria-label=""
                  className="subscriptionEditIcon"
                  fill="#6089bf"
                  fillRule="evenodd"
                  height="16"
                  name="icon--edit"
                  onClick={[Function]}
                  role="img"
                  viewBox="0 0 16 16"
                  width="16"
                >
                  <title>
                    
                  </title>
                  <path
                    d="M7.926 3.38L1.002 9.72V12h2.304l6.926-6.316L7.926 3.38zm.738-.675l2.308 2.304 1.451-1.324-2.308-2.309-1.451 1.329zM.002 9.28L9.439.639a1 1 0 0 1 1.383.03l2.309 2.309a1 1 0 0 1-.034 1.446L3.694 13H.002V9.28zM0 16.013v-1h16v1z"
                  />
                </svg>
              </div>
              <div
                onClick={[Function]}
                onKeyPress={[Function]}
                role="button"
                style={
                  Object {
                    "visibility": "hidden",
                  }
                }
                tabIndex={0}
              />
              <div
                className="subColName"
              >
                orphan
              </div>
              <div
                className="namespaceDesc"
              >
                Namespace: default
              </div>
              <div
                className="progressBarContainer"
              >
                <div
                  id="ProgressBar"
                >
                  <div
                    className="percentagesContainers"
                  >
                    <div
                      className="pass"
                    >
                      <div
                        className="percentage"
                      >
                        0%
                      </div>
                      <div
                        className="resourceType"
                      >
                        <div
                          className="completedSquare"
                        />
                        <div
                          className="textResource"
                        >
                          Resources completed
                        </div>
                      </div>
                    </div>
                    <div
                      className="inprogress"
                    >
                      <div
                        className="percentage"
                      >
                        0%
                      </div>
                      <div
                        className="resourceType"
                      >
                        <div
                          className="inprogressSquare"
                        />
                        <div
                          className="textResource"
                        >
                          Resources in progress
                        </div>
                      </div>
                    </div>
                    <div
                      className="fail"
                    >
                      <div
                        className="percentage"
                      >
                        0%
                      </div>
                      <div
                        className="resourceType"
                      >
                        <div
                          className="failedSquare"
                        />
                        <div
                          className="textResource"
                        >
                          Resources failed
                        </div>
                      </div>
                    </div>
                  </div>
                  <div
                    className="progressContainer"
                    style={
                      Object {
                        "background": "linear-gradient(to right,  #cccccc 0%, #cccccc 100%)",
                      }
                    }
                  />
                </div>
              </div>
            </div>
          </div>
          <div
            className="channelColumnDep"
          >
            <div
              className="bx--tile channelColumnDeployable"
            >
              <img
                alt="You don't have any subscriptions for this channel."
                className="no-sub-icon"
                src="undefined/graphics/nothing-moon-copy.svg"
              />
              <div
                className="subDescriptionText"
              >
                <div
                  className="noSubTitle"
                >
                  No subscriptions
                </div>
                <div
                  className="noSubDescription"
                >
                  You don't have any subscriptions for this channel.
                </div>
              </div>
            </div>
          </div>
          <div
            className="channelColumnDep"
          >
            <div
              className="bx--tile channelColumnDeployable"
            >
              <img
                alt="You don't have any subscriptions for this channel."
                className="no-sub-icon"
                src="undefined/graphics/nothing-moon-copy.svg"
              />
              <div
                className="subDescriptionText"
              >
                <div
                  className="noSubTitle"
                >
                  No subscriptions
                </div>
                <div
                  className="noSubDescription"
                >
                  You don't have any subscriptions for this channel.
                </div>
              </div>
            </div>
          </div>
        </div>
      </div>
      <div
        className="horizontalScrollRow"
      >
        <div
          className="channelColumn"
        >
          <div
            className="bx--tile channelColumnHeaderApplication"
          >
            <div
              className="subTotal"
            >
              1
            </div>
            <div
              className="subTotalDescription"
            >
              Subscriptions in this channel
            </div>
          </div>
        </div>
        <div
          className="channelColumn"
        >
          <div
            className="bx--tile channelColumnHeaderApplication"
          >
            <div
              className="subTotal"
            >
              0
            </div>
            <div
              className="subTotalDescription"
            >
              Subscriptions in this channel
            </div>
          </div>
        </div>
        <div
          className="channelColumn"
        >
          <div
            className="bx--tile channelColumnHeaderApplication"
          >
            <div
              className="subTotal"
            >
              0
            </div>
            <div
              className="subTotalDescription"
            >
              Subscriptions in this channel
            </div>
          </div>
        </div>
      </div>
      <div
        className="horizontalScrollRow spaceOutBelow"
        id="mortgage-appdeployableRows"
        style={
          Object {
            "display": "none",
          }
        }
      >
        <div
          className="deployableRow"
        >
          <div
            className="channelColumnDep"
          >
            <div
              className="bx--tile channelColumnDeployable addHover"
              onClick={[Function]}
            >
              <div
                className="subColHeader"
              >
                Subscription
              </div>
              <div
                className="yamlEditSubContainer"
                onClick={[Function]}
                onKeyPress={[Function]}
                role="button"
                tabIndex={0}
              >
                <div
                  className="yamlTitleSub"
                >
                  YAML
                </div>
                <svg
                  alt=""
                  aria-label=""
                  className="subscriptionEditIcon"
                  fill="#6089bf"
                  fillRule="evenodd"
                  height="16"
                  name="icon--edit"
                  onClick={[Function]}
                  role="img"
                  viewBox="0 0 16 16"
                  width="16"
                >
                  <title>
                    
                  </title>
                  <path
                    d="M7.926 3.38L1.002 9.72V12h2.304l6.926-6.316L7.926 3.38zm.738-.675l2.308 2.304 1.451-1.324-2.308-2.309-1.451 1.329zM.002 9.28L9.439.639a1 1 0 0 1 1.383.03l2.309 2.309a1 1 0 0 1-.034 1.446L3.694 13H.002V9.28zM0 16.013v-1h16v1z"
                  />
                </svg>
              </div>
              <div
                onClick={[Function]}
                onKeyPress={[Function]}
                role="button"
                style={
                  Object {
                    "visibility": "hidden",
                  }
                }
                tabIndex={0}
              />
              <div
                className="subColName"
              >
                mortgage-app-subscription
              </div>
              <div
                className="namespaceDesc"
              >
                Namespace: default
              </div>
              <div>
                <div
                  className="placementRuleDesc"
                  onClick={[Function]}
                  onKeyPress={[Function]}
                  role="button"
                  tabIndex="local-cluster/e72e6c06-4d25-11ea-a229-00000a102d26"
                >
                  Placement Rule: guestbook-placementrule 
                  <svg
                    alt=""
                    aria-label=""
                    className="placementEditIcon"
                    fill="#6089bf"
                    fillRule="evenodd"
                    height="16"
                    name="icon--edit"
                    role="img"
                    viewBox="0 0 16 16"
                    width="16"
                  >
                    <title>
                      
                    </title>
                    <path
                      d="M7.926 3.38L1.002 9.72V12h2.304l6.926-6.316L7.926 3.38zm.738-.675l2.308 2.304 1.451-1.324-2.308-2.309-1.451 1.329zM.002 9.28L9.439.639a1 1 0 0 1 1.383.03l2.309 2.309a1 1 0 0 1-.034 1.446L3.694 13H.002V9.28zM0 16.013v-1h16v1z"
                    />
                  </svg>
                </div>
                <div
                  onClick={[Function]}
                  onKeyPress={[Function]}
                  role="button"
                  style={
                    Object {
                      "visibility": "hidden",
                    }
                  }
                  tabIndex={0}
                />
              </div>
              <div
                className="progressBarContainer"
              >
                <div
                  id="ProgressBar"
                >
                  <div
                    className="percentagesContainers"
                  >
                    <div
                      className="pass"
                    >
                      <div
                        className="percentage"
                      >
                        100%
                      </div>
                      <div
                        className="resourceType"
                      >
                        <div
                          className="completedSquare"
                        />
                        <div
                          className="textResource"
                        >
                          Resources completed
                        </div>
                      </div>
                    </div>
                    <div
                      className="inprogress"
                    >
                      <div
                        className="percentage"
                      >
                        0%
                      </div>
                      <div
                        className="resourceType"
                      >
                        <div
                          className="inprogressSquare"
                        />
                        <div
                          className="textResource"
                        >
                          Resources in progress
                        </div>
                      </div>
                    </div>
                    <div
                      className="fail"
                    >
                      <div
                        className="percentage"
                      >
                        0%
                      </div>
                      <div
                        className="resourceType"
                      >
                        <div
                          className="failedSquare"
                        />
                        <div
                          className="textResource"
                        >
                          Resources failed
                        </div>
                      </div>
                    </div>
                  </div>
                  <div
                    className="progressContainer"
                    style={
                      Object {
                        "background": "linear-gradient(to right,  #007D79 0%,#007D79 100%, #92EEEE 100%, #92EEEE 100%, #E0182D 100%, #E0182D 100%, #cccccc 100%, #cccccc 100%)",
                      }
                    }
                  />
                </div>
              </div>
            </div>
          </div>
          <div
            className="channelColumnDep"
          >
            <div
              className="bx--tile channelColumnDeployable"
            >
              <img
                alt="You don't have any subscriptions for this channel."
                className="no-sub-icon"
                src="undefined/graphics/nothing-moon-copy.svg"
              />
              <div
                className="subDescriptionText"
              >
                <div
                  className="noSubTitle"
                >
                  No subscriptions
                </div>
                <div
                  className="noSubDescription"
                >
                  You don't have any subscriptions for this channel.
                </div>
              </div>
            </div>
          </div>
          <div
            className="channelColumnDep"
          >
            <div
              className="bx--tile channelColumnDeployable"
            >
              <img
                alt="You don't have any subscriptions for this channel."
                className="no-sub-icon"
                src="undefined/graphics/nothing-moon-copy.svg"
              />
              <div
                className="subDescriptionText"
              >
                <div
                  className="noSubTitle"
                >
                  No subscriptions
                </div>
                <div
                  className="noSubDescription"
                >
                  You don't have any subscriptions for this channel.
                </div>
              </div>
            </div>
          </div>
        </div>
      </div>
      <div
        className="horizontalScrollRow"
      >
        <div
          className="channelColumn"
        >
          <div
            className="bx--tile channelColumnHeaderApplication"
          >
            <div
              className="subTotal"
            >
              0
            </div>
            <div
              className="subTotalDescription"
            >
              Subscriptions in this channel
            </div>
          </div>
        </div>
        <div
          className="channelColumn"
        >
          <div
            className="bx--tile channelColumnHeaderApplication"
          >
            <div
              className="subTotal"
            >
              0
            </div>
            <div
              className="subTotalDescription"
            >
              Subscriptions in this channel
            </div>
          </div>
        </div>
        <div
          className="channelColumn"
        >
          <div
            className="bx--tile channelColumnHeaderApplication"
          >
            <div
              className="subTotal"
            >
              1
            </div>
            <div
              className="subTotalDescription"
            >
              Subscriptions in this channel
            </div>
          </div>
        </div>
      </div>
      <div
        className="horizontalScrollRow spaceOutBelow"
        id="samplebook-gbappdeployableRows"
        style={
          Object {
            "display": "none",
          }
        }
      >
        <div
          className="deployableRow"
        >
          <div
            className="channelColumnDep"
          >
            <div
              className="bx--tile channelColumnDeployable"
            >
              <img
                alt="You don't have any subscriptions for this channel."
                className="no-sub-icon"
                src="undefined/graphics/nothing-moon-copy.svg"
              />
              <div
                className="subDescriptionText"
              >
                <div
                  className="noSubTitle"
                >
                  No subscriptions
                </div>
                <div
                  className="noSubDescription"
                >
                  You don't have any subscriptions for this channel.
                </div>
              </div>
            </div>
          </div>
          <div
            className="channelColumnDep"
          >
            <div
              className="bx--tile channelColumnDeployable"
            >
              <img
                alt="You don't have any subscriptions for this channel."
                className="no-sub-icon"
                src="undefined/graphics/nothing-moon-copy.svg"
              />
              <div
                className="subDescriptionText"
              >
                <div
                  className="noSubTitle"
                >
                  No subscriptions
                </div>
                <div
                  className="noSubDescription"
                >
                  You don't have any subscriptions for this channel.
                </div>
              </div>
            </div>
          </div>
          <div
            className="channelColumnDep"
          >
            <div
              className="bx--tile channelColumnDeployable addHover"
              onClick={[Function]}
            >
              <div
                className="subColHeader"
              >
                Subscription
              </div>
              <div
                className="yamlEditSubContainer"
                onClick={[Function]}
                onKeyPress={[Function]}
                role="button"
                tabIndex={0}
              >
                <div
                  className="yamlTitleSub"
                >
                  YAML
                </div>
                <svg
                  alt=""
                  aria-label=""
                  className="subscriptionEditIcon"
                  fill="#6089bf"
                  fillRule="evenodd"
                  height="16"
                  name="icon--edit"
                  onClick={[Function]}
                  role="img"
                  viewBox="0 0 16 16"
                  width="16"
                >
                  <title>
                    
                  </title>
                  <path
                    d="M7.926 3.38L1.002 9.72V12h2.304l6.926-6.316L7.926 3.38zm.738-.675l2.308 2.304 1.451-1.324-2.308-2.309-1.451 1.329zM.002 9.28L9.439.639a1 1 0 0 1 1.383.03l2.309 2.309a1 1 0 0 1-.034 1.446L3.694 13H.002V9.28zM0 16.013v-1h16v1z"
                  />
                </svg>
              </div>
              <div
                onClick={[Function]}
                onKeyPress={[Function]}
                role="button"
                style={
                  Object {
                    "visibility": "hidden",
                  }
                }
                tabIndex={0}
              />
              <div
                className="subColName"
              >
                guestbook-subscription
              </div>
              <div
                className="namespaceDesc"
              >
                Namespace: kube-system
              </div>
              <div>
                <div
                  className="placementRuleDesc"
                  onClick={[Function]}
                  onKeyPress={[Function]}
                  role="button"
                  tabIndex="local-cluster/e72e6c06-4d25-11ea-a229-00000a102d26"
                >
                  Placement Rule: guestbook-placementrule 
                  <svg
                    alt=""
                    aria-label=""
                    className="placementEditIcon"
                    fill="#6089bf"
                    fillRule="evenodd"
                    height="16"
                    name="icon--edit"
                    role="img"
                    viewBox="0 0 16 16"
                    width="16"
                  >
                    <title>
                      
                    </title>
                    <path
                      d="M7.926 3.38L1.002 9.72V12h2.304l6.926-6.316L7.926 3.38zm.738-.675l2.308 2.304 1.451-1.324-2.308-2.309-1.451 1.329zM.002 9.28L9.439.639a1 1 0 0 1 1.383.03l2.309 2.309a1 1 0 0 1-.034 1.446L3.694 13H.002V9.28zM0 16.013v-1h16v1z"
                    />
                  </svg>
                </div>
                <div
                  onClick={[Function]}
                  onKeyPress={[Function]}
                  role="button"
                  style={
                    Object {
                      "visibility": "hidden",
                    }
                  }
                  tabIndex={0}
                />
              </div>
              <div
                className="progressBarContainer"
              >
                <div
                  id="ProgressBar"
                >
                  <div
                    className="percentagesContainers"
                  >
                    <div
                      className="pass"
                    >
                      <div
                        className="percentage"
                      >
                        100%
                      </div>
                      <div
                        className="resourceType"
                      >
                        <div
                          className="completedSquare"
                        />
                        <div
                          className="textResource"
                        >
                          Resources completed
                        </div>
                      </div>
                    </div>
                    <div
                      className="inprogress"
                    >
                      <div
                        className="percentage"
                      >
                        0%
                      </div>
                      <div
                        className="resourceType"
                      >
                        <div
                          className="inprogressSquare"
                        />
                        <div
                          className="textResource"
                        >
                          Resources in progress
                        </div>
                      </div>
                    </div>
                    <div
                      className="fail"
                    >
                      <div
                        className="percentage"
                      >
                        0%
                      </div>
                      <div
                        className="resourceType"
                      >
                        <div
                          className="failedSquare"
                        />
                        <div
                          className="textResource"
                        >
                          Resources failed
                        </div>
                      </div>
                    </div>
                  </div>
                  <div
                    className="progressContainer"
                    style={
                      Object {
                        "background": "linear-gradient(to right,  #007D79 0%,#007D79 100%, #92EEEE 100%, #92EEEE 100%, #E0182D 100%, #E0182D 100%, #cccccc 100%, #cccccc 100%)",
                      }
                    }
                  />
                </div>
              </div>
            </div>
          </div>
        </div>
      </div>
      <div
        className="horizontalScrollRow"
      >
        <div
          className="channelColumn"
        >
          <div
            className="bx--tile channelColumnHeaderApplication"
          >
            <div
              className="subTotal"
            >
              0
            </div>
            <div
              className="subTotalDescription"
            >
              Subscriptions in this channel
            </div>
          </div>
        </div>
        <div
          className="channelColumn"
        >
          <div
            className="bx--tile channelColumnHeaderApplication"
          >
            <div
              className="subTotal"
            >
              0
            </div>
            <div
              className="subTotalDescription"
            >
              Subscriptions in this channel
            </div>
          </div>
        </div>
        <div
          className="channelColumn"
        >
          <div
            className="bx--tile channelColumnHeaderApplication"
          >
            <div
              className="subTotal"
            >
              0
            </div>
            <div
              className="subTotalDescription"
            >
              Subscriptions in this channel
            </div>
          </div>
        </div>
      </div>
      <div
        className="horizontalScrollRow spaceOutBelow"
        id="stocktrader-appdeployableRows"
        style={
          Object {
            "display": "none",
          }
        }
      />
      <div
        className="horizontalScrollRow"
      >
        <div
          className="channelColumn"
        >
          <div
            className="bx--tile channelColumnHeaderApplication"
          >
            <div
              className="subTotal"
            >
              0
            </div>
            <div
              className="subTotalDescription"
            >
              Subscriptions in this channel
            </div>
          </div>
        </div>
        <div
          className="channelColumn"
        >
          <div
            className="bx--tile channelColumnHeaderApplication"
          >
            <div
              className="subTotal"
            >
              1
            </div>
            <div
              className="subTotalDescription"
            >
              Subscriptions in this channel
            </div>
          </div>
        </div>
        <div
          className="channelColumn"
        >
          <div
            className="bx--tile channelColumnHeaderApplication"
          >
            <div
              className="subTotal"
            >
              0
            </div>
            <div
              className="subTotalDescription"
            >
              Subscriptions in this channel
            </div>
          </div>
        </div>
      </div>
      <div
        className="horizontalScrollRow spaceOutBelow"
        id="subscribed-guestbook-applicationdeployableRows"
        style={
          Object {
            "display": "none",
          }
        }
      >
        <div
          className="deployableRow"
        >
          <div
            className="channelColumnDep"
          >
            <div
              className="bx--tile channelColumnDeployable"
            >
              <img
                alt="You don't have any subscriptions for this channel."
                className="no-sub-icon"
                src="undefined/graphics/nothing-moon-copy.svg"
              />
              <div
                className="subDescriptionText"
              >
                <div
                  className="noSubTitle"
                >
                  No subscriptions
                </div>
                <div
                  className="noSubDescription"
                >
                  You don't have any subscriptions for this channel.
                </div>
              </div>
            </div>
          </div>
          <div
            className="channelColumnDep"
          >
            <div
              className="bx--tile channelColumnDeployable addHover"
              onClick={[Function]}
            >
              <div
                className="subColHeader"
              >
                Subscription
              </div>
              <div
                className="yamlEditSubContainer"
                onClick={[Function]}
                onKeyPress={[Function]}
                role="button"
                tabIndex={0}
              >
                <div
                  className="yamlTitleSub"
                >
                  YAML
                </div>
                <svg
                  alt=""
                  aria-label=""
                  className="subscriptionEditIcon"
                  fill="#6089bf"
                  fillRule="evenodd"
                  height="16"
                  name="icon--edit"
                  onClick={[Function]}
                  role="img"
                  viewBox="0 0 16 16"
                  width="16"
                >
                  <title>
                    
                  </title>
                  <path
                    d="M7.926 3.38L1.002 9.72V12h2.304l6.926-6.316L7.926 3.38zm.738-.675l2.308 2.304 1.451-1.324-2.308-2.309-1.451 1.329zM.002 9.28L9.439.639a1 1 0 0 1 1.383.03l2.309 2.309a1 1 0 0 1-.034 1.446L3.694 13H.002V9.28zM0 16.013v-1h16v1z"
                  />
                </svg>
              </div>
              <div
                onClick={[Function]}
                onKeyPress={[Function]}
                role="button"
                style={
                  Object {
                    "visibility": "hidden",
                  }
                }
                tabIndex={0}
              />
              <div
                className="subColName"
              >
                guestbook-subscription
              </div>
              <div
                className="namespaceDesc"
              >
                Namespace: kube-system
              </div>
              <div>
                <div
                  className="placementRuleDesc"
                  onClick={[Function]}
                  onKeyPress={[Function]}
                  role="button"
                  tabIndex="local-cluster/e72e6c06-4d25-11ea-a229-00000a102d26"
                >
                  Placement Rule: guestbook-placementrule 
                  <svg
                    alt=""
                    aria-label=""
                    className="placementEditIcon"
                    fill="#6089bf"
                    fillRule="evenodd"
                    height="16"
                    name="icon--edit"
                    role="img"
                    viewBox="0 0 16 16"
                    width="16"
                  >
                    <title>
                      
                    </title>
                    <path
                      d="M7.926 3.38L1.002 9.72V12h2.304l6.926-6.316L7.926 3.38zm.738-.675l2.308 2.304 1.451-1.324-2.308-2.309-1.451 1.329zM.002 9.28L9.439.639a1 1 0 0 1 1.383.03l2.309 2.309a1 1 0 0 1-.034 1.446L3.694 13H.002V9.28zM0 16.013v-1h16v1z"
                    />
                  </svg>
                </div>
                <div
                  onClick={[Function]}
                  onKeyPress={[Function]}
                  role="button"
                  style={
                    Object {
                      "visibility": "hidden",
                    }
                  }
                  tabIndex={0}
                />
              </div>
              <div
                className="progressBarContainer"
              >
                <div
                  id="ProgressBar"
                >
                  <div
                    className="percentagesContainers"
                  >
                    <div
                      className="pass"
                    >
                      <div
                        className="percentage"
                      >
                        100%
                      </div>
                      <div
                        className="resourceType"
                      >
                        <div
                          className="completedSquare"
                        />
                        <div
                          className="textResource"
                        >
                          Resources completed
                        </div>
                      </div>
                    </div>
                    <div
                      className="inprogress"
                    >
                      <div
                        className="percentage"
                      >
                        0%
                      </div>
                      <div
                        className="resourceType"
                      >
                        <div
                          className="inprogressSquare"
                        />
                        <div
                          className="textResource"
                        >
                          Resources in progress
                        </div>
                      </div>
                    </div>
                    <div
                      className="fail"
                    >
                      <div
                        className="percentage"
                      >
                        0%
                      </div>
                      <div
                        className="resourceType"
                      >
                        <div
                          className="failedSquare"
                        />
                        <div
                          className="textResource"
                        >
                          Resources failed
                        </div>
                      </div>
                    </div>
                  </div>
                  <div
                    className="progressContainer"
                    style={
                      Object {
                        "background": "linear-gradient(to right,  #007D79 0%,#007D79 100%, #92EEEE 100%, #92EEEE 100%, #E0182D 100%, #E0182D 100%, #cccccc 100%, #cccccc 100%)",
                      }
                    }
                  />
                </div>
              </div>
            </div>
          </div>
          <div
            className="channelColumnDep"
          >
            <div
              className="bx--tile channelColumnDeployable"
            >
              <img
                alt="You don't have any subscriptions for this channel."
                className="no-sub-icon"
                src="undefined/graphics/nothing-moon-copy.svg"
              />
              <div
                className="subDescriptionText"
              >
                <div
                  className="noSubTitle"
                >
                  No subscriptions
                </div>
                <div
                  className="noSubDescription"
                >
                  You don't have any subscriptions for this channel.
                </div>
              </div>
            </div>
          </div>
        </div>
      </div>
      <div
        className="horizontalScrollRow"
      >
        <div
          className="channelColumn"
        >
          <div
            className="bx--tile channelColumnHeaderApplication"
          >
            <div
              className="subTotal"
            >
              0
            </div>
            <div
              className="subTotalDescription"
            >
              Subscriptions in this channel
            </div>
          </div>
        </div>
        <div
          className="channelColumn"
        >
          <div
            className="bx--tile channelColumnHeaderApplication"
          >
            <div
              className="subTotal"
            >
              0
            </div>
            <div
              className="subTotalDescription"
            >
              Subscriptions in this channel
            </div>
          </div>
        </div>
        <div
          className="channelColumn"
        >
          <div
            className="bx--tile channelColumnHeaderApplication"
          >
            <div
              className="subTotal"
            >
              0
            </div>
            <div
              className="subTotalDescription"
            >
              Subscriptions in this channel
            </div>
          </div>
        </div>
      </div>
      <div
        className="horizontalScrollRow spaceOutBelow"
        id="app-no-channeldeployableRows"
        style={
          Object {
            "display": "none",
          }
        }
      />
    </div>
  </div>
</div>
`;
