// Jest Snapshot v1, https://goo.gl/fbAQLP

exports[`PipelineGrid PipelineGrid renders correctly. 1`] = `
<div
  id="PipelineGrid"
>
  <div
    className="tableGridContainer"
  >
    <div
      className="applicationColumnContainer"
    >
      <div
        className="tileContainer"
      >
        <div
          className="bx--tile firstTotalTile"
        >
          <div
            className="totalApplications"
          >
            7 
            applications
          </div>
          <div
            className="totalDeployables"
          >
            NaN 
            subscriptions
          </div>
        </div>
      </div>
      <div
        className="tileContainerApp"
      >
        <div
          className="bx--tile applicationTile"
          onClick={[Function]}
        >
          <svg
            alt=""
            aria-label=""
            className="closeRowChevron"
            fill="#6089bf"
            fillRule="evenodd"
            height="12"
            id="default-chartchevron"
            name="icon--chevron--right"
            role="img"
            viewBox="0 0 7 12"
            width="7"
          >
            <title>
              
            </title>
            <path
              d="M5.569 5.994L0 .726.687 0l6.336 5.994-6.335 6.002L0 11.27z"
            />
          </svg>
          <div
            className="ApplicationContents"
          >
            <div
              className="appName"
            >
              default-chart 
            </div>
            <div
              className="appDeployables"
            >
              1 
              subscription
            </div>
          </div>
        </div>
        <div
          className="deployablesDisplay"
          id="default-chart"
          style={
            Object {
              "display": "none",
            }
          }
        >
          <div
            className="bx--tile deployableTile"
          />
        </div>
      </div>
      <div
        className="tileContainerApp"
      >
        <div
          className="bx--tile applicationTile"
          onClick={[Function]}
        >
          <div
            className="ApplicationContents"
          >
            <div
              className="appName"
            >
              jorge-test 
            </div>
            <div
              className="appDeployables"
            >
              0 
              subscriptions
            </div>
          </div>
        </div>
        <div
          className="deployablesDisplay"
          id="jorge-test"
          style={
            Object {
              "display": "none",
            }
          }
        />
      </div>
      <div
        className="tileContainerApp"
      >
        <div
          className="bx--tile applicationTile"
          onClick={[Function]}
        >
          <div
            className="ApplicationContents"
          >
            <div
              className="appName"
            >
              jorge-test-2 
            </div>
            <div
              className="appDeployables"
            >
              0 
              subscriptions
            </div>
          </div>
        </div>
        <div
          className="deployablesDisplay"
          id="jorge-test-2"
          style={
            Object {
              "display": "none",
            }
          }
        />
      </div>
      <div
        className="tileContainerApp"
      >
        <div
          className="bx--tile applicationTile"
          onClick={[Function]}
        >
          <svg
            alt=""
            aria-label=""
            className="closeRowChevron"
            fill="#6089bf"
            fillRule="evenodd"
            height="12"
            id="nginx-appchevron"
            name="icon--chevron--right"
            role="img"
            viewBox="0 0 7 12"
            width="7"
          >
            <title>
              
            </title>
            <path
              d="M5.569 5.994L0 .726.687 0l6.336 5.994-6.335 6.002L0 11.27z"
            />
          </svg>
          <div
            className="ApplicationContents"
          >
            <div
              className="appName"
            >
              nginx-app 
            </div>
            <div
              className="appDeployables"
            >
              1 
              subscription
            </div>
          </div>
        </div>
        <div
          className="deployablesDisplay"
          id="nginx-app"
          style={
            Object {
              "display": "none",
            }
          }
        >
          <div
            className="bx--tile deployableTile"
          />
        </div>
      </div>
      <div
        className="tileContainerApp"
      >
        <div
          className="bx--tile applicationTile"
          onClick={[Function]}
        >
          <svg
            alt=""
            aria-label=""
            className="closeRowChevron"
            fill="#6089bf"
            fillRule="evenodd"
            height="12"
            id="samplebook-gbappchevron"
            name="icon--chevron--right"
            role="img"
            viewBox="0 0 7 12"
            width="7"
          >
            <title>
              
            </title>
            <path
              d="M5.569 5.994L0 .726.687 0l6.336 5.994-6.335 6.002L0 11.27z"
            />
          </svg>
          <div
            className="ApplicationContents"
          >
            <div
              className="appName"
            >
              samplebook-gbapp 
            </div>
            <div
              className="appDeployables"
            >
              1 
              subscription
            </div>
          </div>
        </div>
        <div
          className="deployablesDisplay"
          id="samplebook-gbapp"
          style={
            Object {
              "display": "none",
            }
          }
        >
          <div
            className="bx--tile deployableTile"
          />
        </div>
      </div>
      <div
        className="tileContainerApp"
      >
        <div
          className="bx--tile applicationTile"
          onClick={[Function]}
        >
          <svg
            alt=""
            aria-label=""
            className="closeRowChevron"
            fill="#6089bf"
            fillRule="evenodd"
            height="12"
            id="stocktrader-appchevron"
            name="icon--chevron--right"
            role="img"
            viewBox="0 0 7 12"
            width="7"
          >
            <title>
              
            </title>
            <path
              d="M5.569 5.994L0 .726.687 0l6.336 5.994-6.335 6.002L0 11.27z"
            />
          </svg>
          <div
            className="ApplicationContents"
          >
            <div
              className="appName"
            >
              stocktrader-app 
            </div>
            <div
              className="appDeployables"
            >
              1 
              subscription
            </div>
          </div>
        </div>
        <div
          className="deployablesDisplay"
          id="stocktrader-app"
          style={
            Object {
              "display": "none",
            }
          }
        >
          <div
            className="bx--tile deployableTile"
          />
        </div>
      </div>
      <div
        className="tileContainerApp"
      >
        <div
          className="bx--tile applicationTile"
          onClick={[Function]}
        >
          <svg
            alt=""
            aria-label=""
            className="closeRowChevron"
            fill="#6089bf"
            fillRule="evenodd"
            height="12"
            id="subscribed-guestbook-applicationchevron"
            name="icon--chevron--right"
            role="img"
            viewBox="0 0 7 12"
            width="7"
          >
            <title>
              
            </title>
            <path
              d="M5.569 5.994L0 .726.687 0l6.336 5.994-6.335 6.002L0 11.27z"
            />
          </svg>
          <div
            className="ApplicationContents"
          >
            <div
              className="appName"
            >
              subscribed-guestbook-application 
            </div>
            <div
              className="appDeployables"
            >
              1 
              subscription
            </div>
          </div>
        </div>
        <div
          className="deployablesDisplay"
          id="subscribed-guestbook-application"
          style={
            Object {
              "display": "none",
            }
          }
        >
          <div
            className="bx--tile deployableTile"
          />
        </div>
      </div>
    </div>
    <div
      className="channelGridContainer"
    >
      <div
        className="horizontalScrollRow"
      >
        <div
          className="channelColumn"
        >
          <div
            className="bx--tile channelColumnHeader"
          >
            <div
              className="channelNameHeader"
            >
              <span>
                <div
                  className="yamlTitle"
                >
                  YAML
                </div>
                <svg
                  alt=""
                  aria-label=""
                  className="channelEditIcon"
                  fill="#6089bf"
                  fillRule="evenodd"
                  height="16"
                  name="icon--edit"
                  onClick={[Function]}
                  role="img"
                  viewBox="0 0 16 16"
                  width="16"
                >
                  <title>
                    
                  </title>
                  <path
                    d="M7.926 3.38L1.002 9.72V12h2.304l6.926-6.316L7.926 3.38zm.738-.675l2.308 2.304 1.451-1.324-2.308-2.309-1.451 1.329zM.002 9.28L9.439.639a1 1 0 0 1 1.383.03l2.309 2.309a1 1 0 0 1-.034 1.446L3.694 13H.002V9.28zM0 16.013v-1h16v1z"
                  />
                </svg>
              </span>
              <div
                className="channelTitle"
              >
                Channel
              </div>
              <div
                className="channelNameTitle"
              >
                charts-v1
              </div>
            </div>
          </div>
        </div>
        <div
          className="channelColumn"
        >
          <div
            className="bx--tile channelColumnHeader"
          >
            <div
              className="channelNameHeader"
            >
              <span>
                <div
                  className="yamlTitle"
                >
                  YAML
                </div>
                <svg
                  alt=""
                  aria-label=""
                  className="channelEditIcon"
                  fill="#6089bf"
                  fillRule="evenodd"
                  height="16"
                  name="icon--edit"
                  onClick={[Function]}
                  role="img"
                  viewBox="0 0 16 16"
                  width="16"
                >
                  <title>
                    
                  </title>
                  <path
                    d="M7.926 3.38L1.002 9.72V12h2.304l6.926-6.316L7.926 3.38zm.738-.675l2.308 2.304 1.451-1.324-2.308-2.309-1.451 1.329zM.002 9.28L9.439.639a1 1 0 0 1 1.383.03l2.309 2.309a1 1 0 0 1-.034 1.446L3.694 13H.002V9.28zM0 16.013v-1h16v1z"
                  />
                </svg>
              </span>
              <div
                className="channelTitle"
              >
                Channel
              </div>
              <div
                className="channelNameTitle"
              >
                stocktrader-ns
              </div>
            </div>
          </div>
        </div>
        <div
          className="channelColumn"
        >
          <div
            className="bx--tile channelColumnHeader"
          >
            <div
              className="channelNameHeader"
            >
              <span>
                <div
                  className="yamlTitle"
                >
                  YAML
                </div>
                <svg
                  alt=""
                  aria-label=""
                  className="channelEditIcon"
                  fill="#6089bf"
                  fillRule="evenodd"
                  height="16"
                  name="icon--edit"
                  onClick={[Function]}
                  role="img"
                  viewBox="0 0 16 16"
                  width="16"
                >
                  <title>
                    
                  </title>
                  <path
                    d="M7.926 3.38L1.002 9.72V12h2.304l6.926-6.316L7.926 3.38zm.738-.675l2.308 2.304 1.451-1.324-2.308-2.309-1.451 1.329zM.002 9.28L9.439.639a1 1 0 0 1 1.383.03l2.309 2.309a1 1 0 0 1-.034 1.446L3.694 13H.002V9.28zM0 16.013v-1h16v1z"
                  />
                </svg>
              </span>
              <div
                className="channelTitle"
              >
                Channel
              </div>
              <div
                className="channelNameTitle"
              >
                guestbook
              </div>
            </div>
          </div>
        </div>
        <div
          className="channelColumn"
        >
          <div
            className="bx--tile channelColumnHeader"
          >
            <div
              className="channelNameHeader"
            >
              <span>
                <div
                  className="yamlTitle"
                >
                  YAML
                </div>
                <svg
                  alt=""
                  aria-label=""
                  className="channelEditIcon"
                  fill="#6089bf"
                  fillRule="evenodd"
                  height="16"
                  name="icon--edit"
                  onClick={[Function]}
                  role="img"
                  viewBox="0 0 16 16"
                  width="16"
                >
                  <title>
                    
                  </title>
                  <path
                    d="M7.926 3.38L1.002 9.72V12h2.304l6.926-6.316L7.926 3.38zm.738-.675l2.308 2.304 1.451-1.324-2.308-2.309-1.451 1.329zM.002 9.28L9.439.639a1 1 0 0 1 1.383.03l2.309 2.309a1 1 0 0 1-.034 1.446L3.694 13H.002V9.28zM0 16.013v-1h16v1z"
                  />
                </svg>
              </span>
              <div
                className="channelTitle"
              >
                Channel
              </div>
              <div
                className="channelNameTitle"
              >
                hub-local-helm-repo
              </div>
            </div>
          </div>
        </div>
        <div
          className="channelColumn"
        >
          <div
            className="bx--tile channelColumnHeader"
          >
            <div
              className="channelNameHeader"
            >
              <span>
                <div
                  className="yamlTitle"
                >
                  YAML
                </div>
                <svg
                  alt=""
                  aria-label=""
                  className="channelEditIcon"
                  fill="#6089bf"
                  fillRule="evenodd"
                  height="16"
                  name="icon--edit"
                  onClick={[Function]}
                  role="img"
                  viewBox="0 0 16 16"
                  width="16"
                >
                  <title>
                    
                  </title>
                  <path
                    d="M7.926 3.38L1.002 9.72V12h2.304l6.926-6.316L7.926 3.38zm.738-.675l2.308 2.304 1.451-1.324-2.308-2.309-1.451 1.329zM.002 9.28L9.439.639a1 1 0 0 1 1.383.03l2.309 2.309a1 1 0 0 1-.034 1.446L3.694 13H.002V9.28zM0 16.013v-1h16v1z"
                  />
                </svg>
              </span>
              <div
                className="channelTitle"
              >
                Channel
              </div>
              <div
                className="channelNameTitle"
              >
                ibm-developer-edition-charts
              </div>
            </div>
          </div>
        </div>
      </div>
      <div
        className="horizontalScrollRow"
      >
        <div
          className="channelColumn"
        >
          <div
            className="bx--tile channelColumnHeaderApplication"
          >
            <div
              className="subTotal"
            >
              1
            </div>
            <div
              className="subTotalDescription"
            >
              Subscriptions in this channel
            </div>
          </div>
        </div>
        <div
          className="channelColumn"
        >
          <div
            className="bx--tile channelColumnHeaderApplication"
          >
            <div
              className="subTotal"
            >
              0
            </div>
            <div
              className="subTotalDescription"
            >
              Subscriptions in this channel
            </div>
          </div>
        </div>
        <div
          className="channelColumn"
        >
          <div
            className="bx--tile channelColumnHeaderApplication"
          >
            <div
              className="subTotal"
            >
              0
            </div>
            <div
              className="subTotalDescription"
            >
              Subscriptions in this channel
            </div>
          </div>
        </div>
        <div
          className="channelColumn"
        >
          <div
            className="bx--tile channelColumnHeaderApplication"
          >
            <div
              className="subTotal"
            >
              0
            </div>
            <div
              className="subTotalDescription"
            >
              Subscriptions in this channel
            </div>
          </div>
        </div>
        <div
          className="channelColumn"
        >
          <div
            className="bx--tile channelColumnHeaderApplication"
          >
            <div
              className="subTotal"
            >
              0
            </div>
            <div
              className="subTotalDescription"
            >
              Subscriptions in this channel
            </div>
          </div>
        </div>
      </div>
      <div
        className="horizontalScrollRow spaceOutBelow"
        id="default-chartdeployableRows"
        style={
          Object {
            "display": "none",
          }
        }
      >
        <div
          className="deployableRow"
        >
          <div
            className="channelColumnDep"
          >
            <div
              className="bx--tile channelColumnDeployable addHover"
              onClick={[Function]}
            >
              <div
                className="subColHeader"
              >
                Subscription
              </div>
              <div
                className="yamlEditSubContainer"
                onClick={[Function]}
                onKeyPress={[Function]}
                role="button"
                tabIndex={0}
              >
                <div
                  className="yamlTitleSub"
                >
                  YAML
                </div>
                <svg
                  alt=""
                  aria-label=""
                  className="subscriptionEditIcon"
                  fill="#6089bf"
                  fillRule="evenodd"
                  height="16"
                  name="icon--edit"
                  onClick={[Function]}
                  role="img"
                  viewBox="0 0 16 16"
                  width="16"
                >
                  <title>
                    
                  </title>
                  <path
                    d="M7.926 3.38L1.002 9.72V12h2.304l6.926-6.316L7.926 3.38zm.738-.675l2.308 2.304 1.451-1.324-2.308-2.309-1.451 1.329zM.002 9.28L9.439.639a1 1 0 0 1 1.383.03l2.309 2.309a1 1 0 0 1-.034 1.446L3.694 13H.002V9.28zM0 16.013v-1h16v1z"
                  />
                </svg>
              </div>
              <div
                className="subColName"
              />
              <div
                className="namespaceDesc"
              >
                Namespace: undefined
              </div>
              <div
                className="progressBarContainer"
              >
                <div
                  id="ProgressBar"
                >
                  <div
                    className="percentagesContainers"
                  >
                    <div
                      className="pass"
                    >
                      <div
                        className="percentage"
                      >
                        0%
                      </div>
                      <div
                        className="resourceType"
                      >
                        <div
                          className="completedSquare"
                        />
                        <div
                          className="textResource"
                        >
                          Resources completed
                        </div>
                      </div>
                    </div>
                    <div
                      className="inprogress"
                    >
                      <div
                        className="percentage"
                      >
                        0%
                      </div>
                      <div
                        className="resourceType"
                      >
                        <div
                          className="inprogressSquare"
                        />
                        <div
                          className="textResource"
                        >
                          Resources in progress
                        </div>
                      </div>
                    </div>
                    <div
                      className="fail"
                    >
                      <div
                        className="percentage"
                      >
                        0%
                      </div>
                      <div
                        className="resourceType"
                      >
                        <div
                          className="failedSquare"
                        />
                        <div
                          className="textResource"
                        >
                          Resources failed
                        </div>
                      </div>
                    </div>
                  </div>
                  <div
                    className="progressContainer"
                    style={
                      Object {
                        "background": "linear-gradient(to right,  #cccccc 0%, #cccccc 100%)",
                      }
                    }
                  />
                </div>
              </div>
            </div>
          </div>
          <div
            className="channelColumnDep"
          >
            <div
              className="bx--tile channelColumnDeployable"
            >
              <img
                alt="You don't have any subscriptions for this channel."
                className="no-sub-icon"
                src="undefined/graphics/nothing-moon-copy.svg"
              />
              <div
                className="subDescriptionText"
              >
                <div
                  className="noSubTitle"
                >
                  No subscriptions
                </div>
                <div
                  className="noSubDescription"
                >
                  You don't have any subscriptions for this channel.
                </div>
              </div>
            </div>
          </div>
          <div
            className="channelColumnDep"
          >
            <div
              className="bx--tile channelColumnDeployable"
            >
              <img
                alt="You don't have any subscriptions for this channel."
                className="no-sub-icon"
                src="undefined/graphics/nothing-moon-copy.svg"
              />
              <div
                className="subDescriptionText"
              >
                <div
                  className="noSubTitle"
                >
                  No subscriptions
                </div>
                <div
                  className="noSubDescription"
                >
                  You don't have any subscriptions for this channel.
                </div>
              </div>
            </div>
          </div>
          <div
            className="channelColumnDep"
          >
            <div
              className="bx--tile channelColumnDeployable"
            >
              <img
                alt="You don't have any subscriptions for this channel."
                className="no-sub-icon"
                src="undefined/graphics/nothing-moon-copy.svg"
              />
              <div
                className="subDescriptionText"
              >
                <div
                  className="noSubTitle"
                >
                  No subscriptions
                </div>
                <div
                  className="noSubDescription"
                >
                  You don't have any subscriptions for this channel.
                </div>
              </div>
            </div>
          </div>
          <div
            className="channelColumnDep"
          >
            <div
              className="bx--tile channelColumnDeployable"
            >
              <img
                alt="You don't have any subscriptions for this channel."
                className="no-sub-icon"
                src="undefined/graphics/nothing-moon-copy.svg"
              />
              <div
                className="subDescriptionText"
              >
                <div
                  className="noSubTitle"
                >
                  No subscriptions
                </div>
                <div
                  className="noSubDescription"
                >
                  You don't have any subscriptions for this channel.
                </div>
              </div>
            </div>
          </div>
        </div>
      </div>
      <div
        className="horizontalScrollRow"
      >
        <div
          className="channelColumn"
        >
          <div
            className="bx--tile channelColumnHeaderApplication"
          >
            <div
              className="subTotal"
            >
              0
            </div>
            <div
              className="subTotalDescription"
            >
              Subscriptions in this channel
            </div>
          </div>
        </div>
        <div
          className="channelColumn"
        >
          <div
            className="bx--tile channelColumnHeaderApplication"
          >
            <div
              className="subTotal"
            >
              0
            </div>
            <div
              className="subTotalDescription"
            >
              Subscriptions in this channel
            </div>
          </div>
        </div>
        <div
          className="channelColumn"
        >
          <div
            className="bx--tile channelColumnHeaderApplication"
          >
            <div
              className="subTotal"
            >
              0
            </div>
            <div
              className="subTotalDescription"
            >
              Subscriptions in this channel
            </div>
          </div>
        </div>
        <div
          className="channelColumn"
        >
          <div
            className="bx--tile channelColumnHeaderApplication"
          >
            <div
              className="subTotal"
            >
              0
            </div>
            <div
              className="subTotalDescription"
            >
              Subscriptions in this channel
            </div>
          </div>
        </div>
        <div
          className="channelColumn"
        >
          <div
            className="bx--tile channelColumnHeaderApplication"
          >
            <div
              className="subTotal"
            >
              0
            </div>
            <div
              className="subTotalDescription"
            >
              Subscriptions in this channel
            </div>
          </div>
        </div>
      </div>
      <div
        className="horizontalScrollRow spaceOutBelow"
        id="jorge-testdeployableRows"
        style={
          Object {
            "display": "none",
          }
        }
      />
      <div
        className="horizontalScrollRow"
      >
        <div
          className="channelColumn"
        >
          <div
            className="bx--tile channelColumnHeaderApplication"
          >
            <div
              className="subTotal"
            >
              0
            </div>
            <div
              className="subTotalDescription"
            >
              Subscriptions in this channel
            </div>
          </div>
        </div>
        <div
          className="channelColumn"
        >
          <div
            className="bx--tile channelColumnHeaderApplication"
          >
            <div
              className="subTotal"
            >
              0
            </div>
            <div
              className="subTotalDescription"
            >
              Subscriptions in this channel
            </div>
          </div>
        </div>
        <div
          className="channelColumn"
        >
          <div
            className="bx--tile channelColumnHeaderApplication"
          >
            <div
              className="subTotal"
            >
              0
            </div>
            <div
              className="subTotalDescription"
            >
              Subscriptions in this channel
            </div>
          </div>
        </div>
        <div
          className="channelColumn"
        >
          <div
            className="bx--tile channelColumnHeaderApplication"
          >
            <div
              className="subTotal"
            >
              0
            </div>
            <div
              className="subTotalDescription"
            >
              Subscriptions in this channel
            </div>
          </div>
        </div>
        <div
          className="channelColumn"
        >
          <div
            className="bx--tile channelColumnHeaderApplication"
          >
            <div
              className="subTotal"
            >
              0
            </div>
            <div
              className="subTotalDescription"
            >
              Subscriptions in this channel
            </div>
          </div>
        </div>
      </div>
      <div
        className="horizontalScrollRow spaceOutBelow"
        id="jorge-test-2deployableRows"
        style={
          Object {
            "display": "none",
          }
        }
      />
      <div
        className="horizontalScrollRow"
      >
        <div
          className="channelColumn"
        >
          <div
            className="bx--tile channelColumnHeaderApplication"
          >
            <div
              className="subTotal"
            >
              0
            </div>
            <div
              className="subTotalDescription"
            >
              Subscriptions in this channel
            </div>
          </div>
        </div>
        <div
          className="channelColumn"
        >
          <div
            className="bx--tile channelColumnHeaderApplication"
          >
            <div
              className="subTotal"
            >
              0
            </div>
            <div
              className="subTotalDescription"
            >
              Subscriptions in this channel
            </div>
          </div>
        </div>
        <div
          className="channelColumn"
        >
          <div
            className="bx--tile channelColumnHeaderApplication"
          >
            <div
              className="subTotal"
            >
              0
            </div>
            <div
              className="subTotalDescription"
            >
              Subscriptions in this channel
            </div>
          </div>
        </div>
        <div
          className="channelColumn"
        >
          <div
            className="bx--tile channelColumnHeaderApplication"
          >
            <div
              className="subTotal"
            >
              0
            </div>
            <div
              className="subTotalDescription"
            >
              Subscriptions in this channel
            </div>
          </div>
        </div>
        <div
          className="channelColumn"
        >
          <div
            className="bx--tile channelColumnHeaderApplication"
          >
            <div
              className="subTotal"
            >
              1
            </div>
            <div
              className="subTotalDescription"
            >
              Subscriptions in this channel
            </div>
          </div>
        </div>
      </div>
      <div
        className="horizontalScrollRow spaceOutBelow"
        id="nginx-appdeployableRows"
        style={
          Object {
            "display": "none",
          }
        }
      >
        <div
          className="deployableRow"
        >
          <div
            className="channelColumnDep"
          >
            <div
              className="bx--tile channelColumnDeployable"
            >
              <img
                alt="You don't have any subscriptions for this channel."
                className="no-sub-icon"
                src="undefined/graphics/nothing-moon-copy.svg"
              />
              <div
                className="subDescriptionText"
              >
                <div
                  className="noSubTitle"
                >
                  No subscriptions
                </div>
                <div
                  className="noSubDescription"
                >
                  You don't have any subscriptions for this channel.
                </div>
              </div>
            </div>
          </div>
          <div
            className="channelColumnDep"
          >
            <div
              className="bx--tile channelColumnDeployable"
            >
              <img
                alt="You don't have any subscriptions for this channel."
                className="no-sub-icon"
                src="undefined/graphics/nothing-moon-copy.svg"
              />
              <div
                className="subDescriptionText"
              >
                <div
                  className="noSubTitle"
                >
                  No subscriptions
                </div>
                <div
                  className="noSubDescription"
                >
                  You don't have any subscriptions for this channel.
                </div>
              </div>
            </div>
          </div>
          <div
            className="channelColumnDep"
          >
            <div
              className="bx--tile channelColumnDeployable"
            >
              <img
                alt="You don't have any subscriptions for this channel."
                className="no-sub-icon"
                src="undefined/graphics/nothing-moon-copy.svg"
              />
              <div
                className="subDescriptionText"
              >
                <div
                  className="noSubTitle"
                >
                  No subscriptions
                </div>
                <div
                  className="noSubDescription"
                >
                  You don't have any subscriptions for this channel.
                </div>
              </div>
            </div>
          </div>
          <div
            className="channelColumnDep"
          >
            <div
              className="bx--tile channelColumnDeployable"
            >
              <img
                alt="You don't have any subscriptions for this channel."
                className="no-sub-icon"
                src="undefined/graphics/nothing-moon-copy.svg"
              />
              <div
                className="subDescriptionText"
              >
                <div
                  className="noSubTitle"
                >
                  No subscriptions
                </div>
                <div
                  className="noSubDescription"
                >
                  You don't have any subscriptions for this channel.
                </div>
              </div>
            </div>
          </div>
          <div
            className="channelColumnDep"
          >
            <div
              className="bx--tile channelColumnDeployable addHover"
              onClick={[Function]}
            >
              <div
                className="subColHeader"
              >
                Subscription
              </div>
              <div
                className="yamlEditSubContainer"
                onClick={[Function]}
                onKeyPress={[Function]}
                role="button"
                tabIndex={0}
              >
                <div
                  className="yamlTitleSub"
                >
                  YAML
                </div>
                <svg
                  alt=""
                  aria-label=""
                  className="subscriptionEditIcon"
                  fill="#6089bf"
                  fillRule="evenodd"
                  height="16"
                  name="icon--edit"
                  onClick={[Function]}
                  role="img"
                  viewBox="0 0 16 16"
                  width="16"
                >
                  <title>
                    
                  </title>
                  <path
                    d="M7.926 3.38L1.002 9.72V12h2.304l6.926-6.316L7.926 3.38zm.738-.675l2.308 2.304 1.451-1.324-2.308-2.309-1.451 1.329zM.002 9.28L9.439.639a1 1 0 0 1 1.383.03l2.309 2.309a1 1 0 0 1-.034 1.446L3.694 13H.002V9.28zM0 16.013v-1h16v1z"
                  />
                </svg>
              </div>
              <div
                className="subColName"
              />
              <div
                className="namespaceDesc"
              >
                Namespace: undefined
              </div>
              <div
                className="progressBarContainer"
              >
                <div
                  id="ProgressBar"
                >
                  <div
                    className="percentagesContainers"
                  >
                    <div
                      className="pass"
                    >
                      <div
                        className="percentage"
                      >
                        0%
                      </div>
                      <div
                        className="resourceType"
                      >
                        <div
                          className="completedSquare"
                        />
                        <div
                          className="textResource"
                        >
                          Resources completed
                        </div>
                      </div>
                    </div>
                    <div
                      className="inprogress"
                    >
                      <div
                        className="percentage"
                      >
                        0%
                      </div>
                      <div
                        className="resourceType"
                      >
                        <div
                          className="inprogressSquare"
                        />
                        <div
                          className="textResource"
                        >
                          Resources in progress
                        </div>
                      </div>
                    </div>
                    <div
                      className="fail"
                    >
                      <div
                        className="percentage"
                      >
                        0%
                      </div>
                      <div
                        className="resourceType"
                      >
                        <div
                          className="failedSquare"
                        />
                        <div
                          className="textResource"
                        >
                          Resources failed
                        </div>
                      </div>
                    </div>
                  </div>
                  <div
                    className="progressContainer"
                    style={
                      Object {
                        "background": "linear-gradient(to right,  #cccccc 0%, #cccccc 100%)",
                      }
                    }
                  />
                </div>
              </div>
            </div>
          </div>
        </div>
      </div>
      <div
        className="horizontalScrollRow"
      >
        <div
          className="channelColumn"
        >
          <div
            className="bx--tile channelColumnHeaderApplication"
          >
            <div
              className="subTotal"
            >
              0
            </div>
            <div
              className="subTotalDescription"
            >
              Subscriptions in this channel
            </div>
          </div>
        </div>
        <div
          className="channelColumn"
        >
          <div
            className="bx--tile channelColumnHeaderApplication"
          >
            <div
              className="subTotal"
            >
              0
            </div>
            <div
              className="subTotalDescription"
            >
              Subscriptions in this channel
            </div>
          </div>
        </div>
        <div
          className="channelColumn"
        >
          <div
            className="bx--tile channelColumnHeaderApplication"
          >
            <div
              className="subTotal"
            >
              1
            </div>
            <div
              className="subTotalDescription"
            >
              Subscriptions in this channel
            </div>
          </div>
        </div>
        <div
          className="channelColumn"
        >
          <div
            className="bx--tile channelColumnHeaderApplication"
          >
            <div
              className="subTotal"
            >
              0
            </div>
            <div
              className="subTotalDescription"
            >
              Subscriptions in this channel
            </div>
          </div>
        </div>
        <div
          className="channelColumn"
        >
          <div
            className="bx--tile channelColumnHeaderApplication"
          >
            <div
              className="subTotal"
            >
              0
            </div>
            <div
              className="subTotalDescription"
            >
              Subscriptions in this channel
            </div>
          </div>
        </div>
      </div>
      <div
        className="horizontalScrollRow spaceOutBelow"
        id="samplebook-gbappdeployableRows"
        style={
          Object {
            "display": "none",
          }
        }
      >
        <div
          className="deployableRow"
        >
          <div
            className="channelColumnDep"
          >
            <div
              className="bx--tile channelColumnDeployable"
            >
              <img
                alt="You don't have any subscriptions for this channel."
                className="no-sub-icon"
                src="undefined/graphics/nothing-moon-copy.svg"
              />
              <div
                className="subDescriptionText"
              >
                <div
                  className="noSubTitle"
                >
                  No subscriptions
                </div>
                <div
                  className="noSubDescription"
                >
                  You don't have any subscriptions for this channel.
                </div>
              </div>
            </div>
          </div>
          <div
            className="channelColumnDep"
          >
            <div
              className="bx--tile channelColumnDeployable"
            >
              <img
                alt="You don't have any subscriptions for this channel."
                className="no-sub-icon"
                src="undefined/graphics/nothing-moon-copy.svg"
              />
              <div
                className="subDescriptionText"
              >
                <div
                  className="noSubTitle"
                >
                  No subscriptions
                </div>
                <div
                  className="noSubDescription"
                >
                  You don't have any subscriptions for this channel.
                </div>
              </div>
            </div>
          </div>
          <div
            className="channelColumnDep"
          >
            <div
              className="bx--tile channelColumnDeployable addHover"
              onClick={[Function]}
            >
              <div
                className="subColHeader"
              >
                Subscription
              </div>
              <div
                className="yamlEditSubContainer"
                onClick={[Function]}
                onKeyPress={[Function]}
                role="button"
                tabIndex={0}
              >
                <div
                  className="yamlTitleSub"
                >
                  YAML
                </div>
                <svg
                  alt=""
                  aria-label=""
                  className="subscriptionEditIcon"
                  fill="#6089bf"
                  fillRule="evenodd"
                  height="16"
                  name="icon--edit"
                  onClick={[Function]}
                  role="img"
                  viewBox="0 0 16 16"
                  width="16"
                >
                  <title>
                    
                  </title>
                  <path
                    d="M7.926 3.38L1.002 9.72V12h2.304l6.926-6.316L7.926 3.38zm.738-.675l2.308 2.304 1.451-1.324-2.308-2.309-1.451 1.329zM.002 9.28L9.439.639a1 1 0 0 1 1.383.03l2.309 2.309a1 1 0 0 1-.034 1.446L3.694 13H.002V9.28zM0 16.013v-1h16v1z"
                  />
                </svg>
              </div>
              <div
                className="subColName"
              />
              <div
                className="namespaceDesc"
              >
                Namespace: undefined
              </div>
              <div
                className="progressBarContainer"
              >
                <div
                  id="ProgressBar"
                >
                  <div
                    className="percentagesContainers"
                  >
                    <div
                      className="pass"
                    >
                      <div
                        className="percentage"
                      >
                        0%
                      </div>
                      <div
                        className="resourceType"
                      >
                        <div
                          className="completedSquare"
                        />
                        <div
                          className="textResource"
                        >
                          Resources completed
                        </div>
                      </div>
                    </div>
                    <div
                      className="inprogress"
                    >
                      <div
                        className="percentage"
                      >
                        0%
                      </div>
                      <div
                        className="resourceType"
                      >
                        <div
                          className="inprogressSquare"
                        />
                        <div
                          className="textResource"
                        >
                          Resources in progress
                        </div>
                      </div>
                    </div>
                    <div
                      className="fail"
                    >
                      <div
                        className="percentage"
                      >
                        0%
                      </div>
                      <div
                        className="resourceType"
                      >
                        <div
                          className="failedSquare"
                        />
                        <div
                          className="textResource"
                        >
                          Resources failed
                        </div>
                      </div>
                    </div>
                  </div>
                  <div
                    className="progressContainer"
                    style={
                      Object {
                        "background": "linear-gradient(to right,  #cccccc 0%, #cccccc 100%)",
                      }
                    }
                  />
                </div>
              </div>
            </div>
          </div>
          <div
            className="channelColumnDep"
          >
            <div
              className="bx--tile channelColumnDeployable"
            >
              <img
                alt="You don't have any subscriptions for this channel."
                className="no-sub-icon"
                src="undefined/graphics/nothing-moon-copy.svg"
              />
              <div
                className="subDescriptionText"
              >
                <div
                  className="noSubTitle"
                >
                  No subscriptions
                </div>
                <div
                  className="noSubDescription"
                >
                  You don't have any subscriptions for this channel.
                </div>
              </div>
            </div>
          </div>
          <div
            className="channelColumnDep"
          >
            <div
              className="bx--tile channelColumnDeployable"
            >
              <img
                alt="You don't have any subscriptions for this channel."
                className="no-sub-icon"
                src="undefined/graphics/nothing-moon-copy.svg"
              />
              <div
                className="subDescriptionText"
              >
                <div
                  className="noSubTitle"
                >
                  No subscriptions
                </div>
                <div
                  className="noSubDescription"
                >
                  You don't have any subscriptions for this channel.
                </div>
              </div>
            </div>
          </div>
        </div>
      </div>
      <div
        className="horizontalScrollRow"
      >
        <div
          className="channelColumn"
        >
          <div
            className="bx--tile channelColumnHeaderApplication"
          >
            <div
              className="subTotal"
            >
              0
            </div>
            <div
              className="subTotalDescription"
            >
              Subscriptions in this channel
            </div>
          </div>
        </div>
        <div
          className="channelColumn"
        >
          <div
            className="bx--tile channelColumnHeaderApplication"
          >
            <div
              className="subTotal"
            >
              1
            </div>
            <div
              className="subTotalDescription"
            >
              Subscriptions in this channel
            </div>
          </div>
        </div>
        <div
          className="channelColumn"
        >
          <div
            className="bx--tile channelColumnHeaderApplication"
          >
            <div
              className="subTotal"
            >
              0
            </div>
            <div
              className="subTotalDescription"
            >
              Subscriptions in this channel
            </div>
          </div>
        </div>
        <div
          className="channelColumn"
        >
          <div
            className="bx--tile channelColumnHeaderApplication"
          >
            <div
              className="subTotal"
            >
              0
            </div>
            <div
              className="subTotalDescription"
            >
              Subscriptions in this channel
            </div>
          </div>
        </div>
        <div
          className="channelColumn"
        >
          <div
            className="bx--tile channelColumnHeaderApplication"
          >
            <div
              className="subTotal"
            >
              0
            </div>
            <div
              className="subTotalDescription"
            >
              Subscriptions in this channel
            </div>
          </div>
        </div>
      </div>
      <div
        className="horizontalScrollRow spaceOutBelow"
        id="stocktrader-appdeployableRows"
        style={
          Object {
            "display": "none",
          }
        }
      >
        <div
          className="deployableRow"
        >
          <div
            className="channelColumnDep"
          >
            <div
              className="bx--tile channelColumnDeployable"
            >
              <img
                alt="You don't have any subscriptions for this channel."
                className="no-sub-icon"
                src="undefined/graphics/nothing-moon-copy.svg"
              />
              <div
                className="subDescriptionText"
              >
                <div
                  className="noSubTitle"
                >
                  No subscriptions
                </div>
                <div
                  className="noSubDescription"
                >
                  You don't have any subscriptions for this channel.
                </div>
              </div>
            </div>
          </div>
          <div
            className="channelColumnDep"
          >
            <div
              className="bx--tile channelColumnDeployable addHover"
              onClick={[Function]}
            >
              <div
                className="subColHeader"
              >
                Subscription
              </div>
              <div
                className="yamlEditSubContainer"
                onClick={[Function]}
                onKeyPress={[Function]}
                role="button"
                tabIndex={0}
              >
                <div
                  className="yamlTitleSub"
                >
                  YAML
                </div>
                <svg
                  alt=""
                  aria-label=""
                  className="subscriptionEditIcon"
                  fill="#6089bf"
                  fillRule="evenodd"
                  height="16"
                  name="icon--edit"
                  onClick={[Function]}
                  role="img"
                  viewBox="0 0 16 16"
                  width="16"
                >
                  <title>
                    
                  </title>
                  <path
                    d="M7.926 3.38L1.002 9.72V12h2.304l6.926-6.316L7.926 3.38zm.738-.675l2.308 2.304 1.451-1.324-2.308-2.309-1.451 1.329zM.002 9.28L9.439.639a1 1 0 0 1 1.383.03l2.309 2.309a1 1 0 0 1-.034 1.446L3.694 13H.002V9.28zM0 16.013v-1h16v1z"
                  />
                </svg>
              </div>
              <div
                className="subColName"
              />
              <div
                className="namespaceDesc"
              >
                Namespace: undefined
              </div>
              <div
                className="progressBarContainer"
              >
                <div
                  id="ProgressBar"
                >
                  <div
                    className="percentagesContainers"
                  >
                    <div
                      className="pass"
                    >
                      <div
                        className="percentage"
                      >
                        0%
                      </div>
                      <div
                        className="resourceType"
                      >
                        <div
                          className="completedSquare"
                        />
                        <div
                          className="textResource"
                        >
                          Resources completed
                        </div>
                      </div>
                    </div>
                    <div
                      className="inprogress"
                    >
                      <div
                        className="percentage"
                      >
                        0%
                      </div>
                      <div
                        className="resourceType"
                      >
                        <div
                          className="inprogressSquare"
                        />
                        <div
                          className="textResource"
                        >
                          Resources in progress
                        </div>
                      </div>
                    </div>
                    <div
                      className="fail"
                    >
                      <div
                        className="percentage"
                      >
                        0%
                      </div>
                      <div
                        className="resourceType"
                      >
                        <div
                          className="failedSquare"
                        />
                        <div
                          className="textResource"
                        >
                          Resources failed
                        </div>
                      </div>
                    </div>
                  </div>
                  <div
                    className="progressContainer"
                    style={
                      Object {
                        "background": "linear-gradient(to right,  #cccccc 0%, #cccccc 100%)",
                      }
                    }
                  />
                </div>
              </div>
            </div>
          </div>
          <div
            className="channelColumnDep"
          >
            <div
              className="bx--tile channelColumnDeployable"
            >
              <img
                alt="You don't have any subscriptions for this channel."
                className="no-sub-icon"
                src="undefined/graphics/nothing-moon-copy.svg"
              />
              <div
                className="subDescriptionText"
              >
                <div
                  className="noSubTitle"
                >
                  No subscriptions
                </div>
                <div
                  className="noSubDescription"
                >
                  You don't have any subscriptions for this channel.
                </div>
              </div>
            </div>
          </div>
          <div
            className="channelColumnDep"
          >
            <div
              className="bx--tile channelColumnDeployable"
            >
              <img
                alt="You don't have any subscriptions for this channel."
                className="no-sub-icon"
                src="undefined/graphics/nothing-moon-copy.svg"
              />
              <div
                className="subDescriptionText"
              >
                <div
                  className="noSubTitle"
                >
                  No subscriptions
                </div>
                <div
                  className="noSubDescription"
                >
                  You don't have any subscriptions for this channel.
                </div>
              </div>
            </div>
          </div>
          <div
            className="channelColumnDep"
          >
            <div
              className="bx--tile channelColumnDeployable"
            >
              <img
                alt="You don't have any subscriptions for this channel."
                className="no-sub-icon"
                src="undefined/graphics/nothing-moon-copy.svg"
              />
              <div
                className="subDescriptionText"
              >
                <div
                  className="noSubTitle"
                >
                  No subscriptions
                </div>
                <div
                  className="noSubDescription"
                >
                  You don't have any subscriptions for this channel.
                </div>
              </div>
            </div>
          </div>
        </div>
      </div>
      <div
        className="horizontalScrollRow"
      >
        <div
          className="channelColumn"
        >
          <div
            className="bx--tile channelColumnHeaderApplication"
          >
            <div
              className="subTotal"
            >
              0
            </div>
            <div
              className="subTotalDescription"
            >
              Subscriptions in this channel
            </div>
          </div>
        </div>
        <div
          className="channelColumn"
        >
          <div
            className="bx--tile channelColumnHeaderApplication"
          >
            <div
              className="subTotal"
            >
              0
            </div>
            <div
              className="subTotalDescription"
            >
              Subscriptions in this channel
            </div>
          </div>
        </div>
        <div
          className="channelColumn"
        >
          <div
            className="bx--tile channelColumnHeaderApplication"
          >
            <div
              className="subTotal"
            >
              0
            </div>
            <div
              className="subTotalDescription"
            >
              Subscriptions in this channel
            </div>
          </div>
        </div>
        <div
          className="channelColumn"
        >
          <div
            className="bx--tile channelColumnHeaderApplication"
          >
            <div
              className="subTotal"
            >
              1
            </div>
            <div
              className="subTotalDescription"
            >
              Subscriptions in this channel
            </div>
          </div>
        </div>
        <div
          className="channelColumn"
        >
          <div
            className="bx--tile channelColumnHeaderApplication"
          >
            <div
              className="subTotal"
            >
              0
            </div>
            <div
              className="subTotalDescription"
            >
              Subscriptions in this channel
            </div>
          </div>
        </div>
      </div>
      <div
        className="horizontalScrollRow spaceOutBelow"
        id="subscribed-guestbook-applicationdeployableRows"
        style={
          Object {
            "display": "none",
          }
        }
      >
        <div
          className="deployableRow"
        >
          <div
            className="channelColumnDep"
          >
            <div
              className="bx--tile channelColumnDeployable"
            >
              <img
                alt="You don't have any subscriptions for this channel."
                className="no-sub-icon"
                src="undefined/graphics/nothing-moon-copy.svg"
              />
              <div
                className="subDescriptionText"
              >
                <div
                  className="noSubTitle"
                >
                  No subscriptions
                </div>
                <div
                  className="noSubDescription"
                >
                  You don't have any subscriptions for this channel.
                </div>
              </div>
            </div>
          </div>
          <div
            className="channelColumnDep"
          >
            <div
              className="bx--tile channelColumnDeployable"
            >
              <img
                alt="You don't have any subscriptions for this channel."
                className="no-sub-icon"
                src="undefined/graphics/nothing-moon-copy.svg"
              />
              <div
                className="subDescriptionText"
              >
                <div
                  className="noSubTitle"
                >
                  No subscriptions
                </div>
                <div
                  className="noSubDescription"
                >
                  You don't have any subscriptions for this channel.
                </div>
              </div>
            </div>
          </div>
          <div
            className="channelColumnDep"
          >
            <div
              className="bx--tile channelColumnDeployable"
            >
              <img
                alt="You don't have any subscriptions for this channel."
                className="no-sub-icon"
                src="undefined/graphics/nothing-moon-copy.svg"
              />
              <div
                className="subDescriptionText"
              >
                <div
                  className="noSubTitle"
                >
                  No subscriptions
                </div>
                <div
                  className="noSubDescription"
                >
                  You don't have any subscriptions for this channel.
                </div>
              </div>
            </div>
          </div>
          <div
            className="channelColumnDep"
          >
            <div
              className="bx--tile channelColumnDeployable addHover"
              onClick={[Function]}
            >
              <div
                className="subColHeader"
              >
                Subscription
              </div>
              <div
                className="yamlEditSubContainer"
                onClick={[Function]}
                onKeyPress={[Function]}
                role="button"
                tabIndex={0}
              >
                <div
                  className="yamlTitleSub"
                >
                  YAML
                </div>
                <svg
                  alt=""
                  aria-label=""
                  className="subscriptionEditIcon"
                  fill="#6089bf"
                  fillRule="evenodd"
                  height="16"
                  name="icon--edit"
                  onClick={[Function]}
                  role="img"
                  viewBox="0 0 16 16"
                  width="16"
                >
                  <title>
                    
                  </title>
                  <path
                    d="M7.926 3.38L1.002 9.72V12h2.304l6.926-6.316L7.926 3.38zm.738-.675l2.308 2.304 1.451-1.324-2.308-2.309-1.451 1.329zM.002 9.28L9.439.639a1 1 0 0 1 1.383.03l2.309 2.309a1 1 0 0 1-.034 1.446L3.694 13H.002V9.28zM0 16.013v-1h16v1z"
                  />
                </svg>
              </div>
              <div
                className="subColName"
              />
              <div
                className="namespaceDesc"
              >
                Namespace: undefined
              </div>
              <div
                className="progressBarContainer"
              >
                <div
                  id="ProgressBar"
                >
                  <div
                    className="percentagesContainers"
                  >
                    <div
                      className="pass"
                    >
                      <div
                        className="percentage"
                      >
                        0%
                      </div>
                      <div
                        className="resourceType"
                      >
                        <div
                          className="completedSquare"
                        />
                        <div
                          className="textResource"
                        >
                          Resources completed
                        </div>
                      </div>
                    </div>
                    <div
                      className="inprogress"
                    >
                      <div
                        className="percentage"
                      >
                        0%
                      </div>
                      <div
                        className="resourceType"
                      >
                        <div
                          className="inprogressSquare"
                        />
                        <div
                          className="textResource"
                        >
                          Resources in progress
                        </div>
                      </div>
                    </div>
                    <div
                      className="fail"
                    >
                      <div
                        className="percentage"
                      >
                        0%
                      </div>
                      <div
                        className="resourceType"
                      >
                        <div
                          className="failedSquare"
                        />
                        <div
                          className="textResource"
                        >
                          Resources failed
                        </div>
                      </div>
                    </div>
                  </div>
                  <div
                    className="progressContainer"
                    style={
                      Object {
                        "background": "linear-gradient(to right,  #cccccc 0%, #cccccc 100%)",
                      }
                    }
                  />
                </div>
              </div>
            </div>
          </div>
          <div
            className="channelColumnDep"
          >
            <div
              className="bx--tile channelColumnDeployable"
            >
              <img
                alt="You don't have any subscriptions for this channel."
                className="no-sub-icon"
                src="undefined/graphics/nothing-moon-copy.svg"
              />
              <div
                className="subDescriptionText"
              >
                <div
                  className="noSubTitle"
                >
                  No subscriptions
                </div>
                <div
                  className="noSubDescription"
                >
                  You don't have any subscriptions for this channel.
                </div>
              </div>
            </div>
          </div>
        </div>
      </div>
    </div>
  </div>
</div>
`;
